Feb  3 21:19:52 localhost rsyslogd: [origin software="rsyslogd" swVersion="7.4.7" x-pid="766" x-info="http://www.rsyslog.com"] start
Feb  3 21:19:45 localhost journal: Runtime journal is using 8.0M (max allowed 91.9M, trying to leave 137.9M free of 911.8M available → current limit 91.9M).
Feb  3 21:19:45 localhost kernel: Initializing cgroup subsys cpuset
Feb  3 21:19:45 localhost kernel: Initializing cgroup subsys cpu
Feb  3 21:19:45 localhost kernel: Initializing cgroup subsys cpuacct
Feb  3 21:19:45 localhost kernel: Linux version 3.10.0-514.el7.x86_64 (builder@kbuilder.dev.centos.org) (gcc version 4.8.5 20150623 (Red Hat 4.8.5-11) (GCC) ) #1 SMP Tue Nov 22 16:42:41 UTC 2016
Feb  3 21:19:45 localhost kernel: Command line: BOOT_IMAGE=/boot/vmlinuz-3.10.0-514.el7.x86_64 root=UUID=293caccc-d9f3-4187-8d1b-f245b57713aa ro crashkernel=auto nomodeset rhgb quiet LANG=en_US.UTF-8
Feb  3 21:19:45 localhost kernel: e820: BIOS-provided physical RAM map:
Feb  3 21:19:45 localhost kernel: BIOS-e820: [mem 0x0000000000000000-0x000000000009fbff] usable
Feb  3 21:19:45 localhost kernel: BIOS-e820: [mem 0x000000000009fc00-0x000000000009ffff] reserved
Feb  3 21:19:45 localhost kernel: BIOS-e820: [mem 0x00000000000f0000-0x00000000000fffff] reserved
Feb  3 21:19:45 localhost kernel: BIOS-e820: [mem 0x0000000000100000-0x000000007ffeffff] usable
Feb  3 21:19:45 localhost kernel: BIOS-e820: [mem 0x000000007fff0000-0x000000007fffffff] ACPI data
Feb  3 21:19:45 localhost kernel: BIOS-e820: [mem 0x00000000fec00000-0x00000000fec00fff] reserved
Feb  3 21:19:45 localhost kernel: BIOS-e820: [mem 0x00000000fee00000-0x00000000fee00fff] reserved
Feb  3 21:19:45 localhost kernel: BIOS-e820: [mem 0x00000000fffc0000-0x00000000ffffffff] reserved
Feb  3 21:19:45 localhost kernel: NX (Execute Disable) protection: active
Feb  3 21:19:45 localhost kernel: SMBIOS 2.5 present.
Feb  3 21:19:45 localhost kernel: Hypervisor detected: KVM
Feb  3 21:19:45 localhost kernel: e820: last_pfn = 0x7fff0 max_arch_pfn = 0x400000000
Feb  3 21:19:45 localhost kernel: x86 PAT enabled: cpu 0, old 0x7040600070406, new 0x7010600070106
Feb  3 21:19:45 localhost kernel: CPU MTRRs all blank - virtualized system.
Feb  3 21:19:45 localhost kernel: found SMP MP-table at [mem 0x0009fff0-0x0009ffff] mapped at [ffff88000009fff0]
Feb  3 21:19:45 localhost kernel: RAMDISK: [mem 0x35dcb000-0x36eddfff]
Feb  3 21:19:45 localhost kernel: ACPI: RSDP 00000000000e0000 00024 (v02 VBOX  )
Feb  3 21:19:45 localhost kernel: ACPI: XSDT 000000007fff0030 0003C (v01 VBOX   VBOXXSDT 00000001 ASL  00000061)
Feb  3 21:19:45 localhost kernel: ACPI: FACP 000000007fff00f0 000F4 (v04 VBOX   VBOXFACP 00000001 ASL  00000061)
Feb  3 21:19:45 localhost kernel: ACPI: DSDT 000000007fff0470 0210F (v01 VBOX   VBOXBIOS 00000002 INTL 20100528)
Feb  3 21:19:45 localhost kernel: ACPI: FACS 000000007fff0200 00040
Feb  3 21:19:45 localhost kernel: ACPI: APIC 000000007fff0240 00054 (v02 VBOX   VBOXAPIC 00000001 ASL  00000061)
Feb  3 21:19:45 localhost kernel: ACPI: SSDT 000000007fff02a0 001CC (v01 VBOX   VBOXCPUT 00000002 INTL 20100528)
Feb  3 21:19:45 localhost kernel: No NUMA configuration found
Feb  3 21:19:45 localhost kernel: Faking a node at [mem 0x0000000000000000-0x000000007ffeffff]
Feb  3 21:19:45 localhost kernel: Initmem setup node 0 [mem 0x00000000-0x7ffeffff]
Feb  3 21:19:45 localhost kernel:  NODE_DATA [mem 0x7ffc9000-0x7ffeffff]
Feb  3 21:19:45 localhost kernel: Reserving 161MB of memory at 688MB for crashkernel (System RAM: 2047MB)
Feb  3 21:19:45 localhost kernel: kvm-clock: Using msrs 4b564d01 and 4b564d00
Feb  3 21:19:45 localhost kernel: kvm-clock: cpu 0, msr 0:7ff79001, primary cpu clock
Feb  3 21:19:45 localhost kernel: kvm-clock: using sched offset of 1056735084743 cycles
Feb  3 21:19:45 localhost kernel: Zone ranges:
Feb  3 21:19:45 localhost kernel:  DMA      [mem 0x00001000-0x00ffffff]
Feb  3 21:19:45 localhost kernel:  DMA32    [mem 0x01000000-0xffffffff]
Feb  3 21:19:45 localhost kernel:  Normal   empty
Feb  3 21:19:45 localhost kernel: Movable zone start for each node
Feb  3 21:19:45 localhost kernel: Early memory node ranges
Feb  3 21:19:45 localhost kernel:  node   0: [mem 0x00001000-0x0009efff]
Feb  3 21:19:45 localhost kernel:  node   0: [mem 0x00100000-0x7ffeffff]
Feb  3 21:19:45 localhost kernel: ACPI: PM-Timer IO Port: 0x4008
Feb  3 21:19:45 localhost kernel: ACPI: LAPIC (acpi_id[0x00] lapic_id[0x00] enabled)
Feb  3 21:19:45 localhost kernel: ACPI: IOAPIC (id[0x01] address[0xfec00000] gsi_base[0])
Feb  3 21:19:45 localhost kernel: IOAPIC[0]: apic_id 1, version 32, address 0xfec00000, GSI 0-23
Feb  3 21:19:45 localhost kernel: ACPI: INT_SRC_OVR (bus 0 bus_irq 0 global_irq 2 dfl dfl)
Feb  3 21:19:45 localhost kernel: ACPI: INT_SRC_OVR (bus 0 bus_irq 9 global_irq 9 high level)
Feb  3 21:19:45 localhost kernel: Using ACPI (MADT) for SMP configuration information
Feb  3 21:19:45 localhost kernel: smpboot: Allowing 1 CPUs, 0 hotplug CPUs
Feb  3 21:19:45 localhost kernel: PM: Registered nosave memory: [mem 0x0009f000-0x0009ffff]
Feb  3 21:19:45 localhost kernel: PM: Registered nosave memory: [mem 0x000a0000-0x000effff]
Feb  3 21:19:45 localhost kernel: PM: Registered nosave memory: [mem 0x000f0000-0x000fffff]
Feb  3 21:19:45 localhost kernel: e820: [mem 0x80000000-0xfebfffff] available for PCI devices
Feb  3 21:19:45 localhost kernel: Booting paravirtualized kernel on KVM
Feb  3 21:19:45 localhost kernel: setup_percpu: NR_CPUS:5120 nr_cpumask_bits:1 nr_cpu_ids:1 nr_node_ids:1
Feb  3 21:19:45 localhost kernel: PERCPU: Embedded 33 pages/cpu @ffff88007fc00000 s96728 r8192 d30248 u2097152
Feb  3 21:19:45 localhost kernel: Built 1 zonelists in Node order, mobility grouping on.  Total pages: 515961
Feb  3 21:19:45 localhost kernel: Policy zone: DMA32
Feb  3 21:19:45 localhost kernel: Kernel command line: BOOT_IMAGE=/boot/vmlinuz-3.10.0-514.el7.x86_64 root=UUID=293caccc-d9f3-4187-8d1b-f245b57713aa ro crashkernel=auto nomodeset rhgb quiet LANG=en_US.UTF-8
Feb  3 21:19:45 localhost kernel: PID hash table entries: 4096 (order: 3, 32768 bytes)
Feb  3 21:19:45 localhost kernel: x86/fpu: xstate_offset[2]: 0240, xstate_sizes[2]: 0100
Feb  3 21:19:45 localhost kernel: xsave: enabled xstate_bv 0x7, cntxt size 0x340 using standard form
Feb  3 21:19:45 localhost kernel: Memory: 1864612k/2097088k available (6764k kernel code, 392k absent, 232084k reserved, 4433k data, 1680k init)
Feb  3 21:19:45 localhost kernel: SLUB: HWalign=64, Order=0-3, MinObjects=0, CPUs=1, Nodes=1
Feb  3 21:19:45 localhost kernel: Hierarchical RCU implementation.
Feb  3 21:19:45 localhost kernel: #011RCU restricting CPUs from NR_CPUS=5120 to nr_cpu_ids=1.
Feb  3 21:19:45 localhost kernel: NR_IRQS:327936 nr_irqs:256 0
Feb  3 21:19:45 localhost kernel: Console: colour VGA+ 80x25
Feb  3 21:19:45 localhost kernel: console [tty0] enabled
Feb  3 21:19:45 localhost kernel: allocated 8388608 bytes of page_cgroup
Feb  3 21:19:45 localhost kernel: please try 'cgroup_disable=memory' option if you don't want memory cgroups
Feb  3 21:19:45 localhost kernel: tsc: Detected 2899.998 MHz processor
Feb  3 21:19:45 localhost kernel: Calibrating delay loop (skipped) preset value.. 5799.99 BogoMIPS (lpj=2899998)
Feb  3 21:19:45 localhost kernel: pid_max: default: 32768 minimum: 301
Feb  3 21:19:45 localhost kernel: Security Framework initialized
Feb  3 21:19:45 localhost kernel: SELinux:  Initializing.
Feb  3 21:19:45 localhost kernel: Dentry cache hash table entries: 262144 (order: 9, 2097152 bytes)
Feb  3 21:19:45 localhost kernel: Inode-cache hash table entries: 131072 (order: 8, 1048576 bytes)
Feb  3 21:19:45 localhost kernel: Mount-cache hash table entries: 4096
Feb  3 21:19:45 localhost kernel: Initializing cgroup subsys memory
Feb  3 21:19:45 localhost kernel: Initializing cgroup subsys devices
Feb  3 21:19:45 localhost kernel: Initializing cgroup subsys freezer
Feb  3 21:19:45 localhost kernel: Initializing cgroup subsys net_cls
Feb  3 21:19:45 localhost kernel: Initializing cgroup subsys blkio
Feb  3 21:19:45 localhost kernel: Initializing cgroup subsys perf_event
Feb  3 21:19:45 localhost kernel: Initializing cgroup subsys hugetlb
Feb  3 21:19:45 localhost kernel: Initializing cgroup subsys pids
Feb  3 21:19:45 localhost kernel: Initializing cgroup subsys net_prio
Feb  3 21:19:45 localhost kernel: CPU: Physical Processor ID: 0
Feb  3 21:19:45 localhost kernel: mce: CPU supports 0 MCE banks
Feb  3 21:19:45 localhost kernel: Last level iTLB entries: 4KB 0, 2MB 0, 4MB 0
Feb  3 21:19:45 localhost kernel: Last level dTLB entries: 4KB 64, 2MB 0, 4MB 0
Feb  3 21:19:45 localhost kernel: tlb_flushall_shift: 6
Feb  3 21:19:45 localhost kernel: Freeing SMP alternatives: 28k freed
Feb  3 21:19:45 localhost kernel: ACPI: Core revision 20130517
Feb  3 21:19:45 localhost kernel: ACPI: All ACPI Tables successfully acquired
Feb  3 21:19:45 localhost kernel: ftrace: allocating 25811 entries in 101 pages
Feb  3 21:19:45 localhost kernel: smpboot: Max logical packages: 1
Feb  3 21:19:45 localhost kernel: smpboot: APIC(0) Converting physical 0 to logical package 0
Feb  3 21:19:45 localhost kernel: Enabling x2apic
Feb  3 21:19:45 localhost kernel: Enabled x2apic
Feb  3 21:19:45 localhost kernel: Switched APIC routing to physical x2apic.
Feb  3 21:19:45 localhost kernel: ..TIMER: vector=0x30 apic1=0 pin1=2 apic2=-1 pin2=-1
Feb  3 21:19:45 localhost kernel: smpboot: CPU0: Intel(R) Core(TM) i5-5287U CPU @ 2.90GHz (fam: 06, model: 3d, stepping: 04)
Feb  3 21:19:45 localhost kernel: APIC calibration not consistent with PM-Timer: 101ms instead of 100ms
Feb  3 21:19:45 localhost kernel: APIC delta adjusted to PM-Timer: 6368418 (6443284)
Feb  3 21:19:45 localhost kernel: Performance Events: unsupported p6 CPU model 61 no PMU driver, software events only.
Feb  3 21:19:45 localhost kernel: KVM setup paravirtual spinlock
Feb  3 21:19:45 localhost kernel: Brought up 1 CPUs
Feb  3 21:19:45 localhost kernel: smpboot: Total of 1 processors activated (5799.99 BogoMIPS)
Feb  3 21:19:45 localhost kernel: devtmpfs: initialized
Feb  3 21:19:45 localhost kernel: EVM: security.selinux
Feb  3 21:19:45 localhost kernel: EVM: security.ima
Feb  3 21:19:45 localhost kernel: EVM: security.capability
Feb  3 21:19:45 localhost kernel: atomic64 test passed for x86-64 platform with CX8 and with SSE
Feb  3 21:19:45 localhost kernel: pinctrl core: initialized pinctrl subsystem
Feb  3 21:19:45 localhost kernel: NET: Registered protocol family 16
Feb  3 21:19:45 localhost kernel: ACPI: bus type PCI registered
Feb  3 21:19:45 localhost kernel: acpiphp: ACPI Hot Plug PCI Controller Driver version: 0.5
Feb  3 21:19:45 localhost kernel: PCI: Using configuration type 1 for base access
Feb  3 21:19:45 localhost kernel: ACPI: Added _OSI(Module Device)
Feb  3 21:19:45 localhost kernel: ACPI: Added _OSI(Processor Device)
Feb  3 21:19:45 localhost kernel: ACPI: Added _OSI(3.0 _SCP Extensions)
Feb  3 21:19:45 localhost kernel: ACPI: Added _OSI(Processor Aggregator Device)
Feb  3 21:19:45 localhost kernel: ACPI: Executed 1 blocks of module-level executable AML code
Feb  3 21:19:45 localhost kernel: ACPI: Interpreter enabled
Feb  3 21:19:45 localhost kernel: ACPI: (supports S0 S5)
Feb  3 21:19:45 localhost kernel: ACPI: Using IOAPIC for interrupt routing
Feb  3 21:19:45 localhost kernel: PCI: Using host bridge windows from ACPI; if necessary, use "pci=nocrs" and report a bug
Feb  3 21:19:45 localhost kernel: ACPI: PCI Root Bridge [PCI0] (domain 0000 [bus 00-ff])
Feb  3 21:19:45 localhost kernel: acpi PNP0A03:00: _OSC: OS supports [ASPM ClockPM Segments MSI]
Feb  3 21:19:45 localhost kernel: acpi PNP0A03:00: _OSC failed (AE_NOT_FOUND); disabling ASPM
Feb  3 21:19:45 localhost kernel: acpi PNP0A03:00: fail to add MMCONFIG information, can't access extended PCI configuration space under this bridge.
Feb  3 21:19:45 localhost kernel: PCI host bridge to bus 0000:00
Feb  3 21:19:45 localhost kernel: pci_bus 0000:00: root bus resource [bus 00-ff]
Feb  3 21:19:45 localhost kernel: pci_bus 0000:00: root bus resource [io  0x0000-0x0cf7 window]
Feb  3 21:19:45 localhost kernel: pci_bus 0000:00: root bus resource [io  0x0d00-0xffff window]
Feb  3 21:19:45 localhost kernel: pci_bus 0000:00: root bus resource [mem 0x000a0000-0x000bffff window]
Feb  3 21:19:45 localhost kernel: pci_bus 0000:00: root bus resource [mem 0x80000000-0xffdfffff window]
Feb  3 21:19:45 localhost kernel: pci 0000:00:01.1: legacy IDE quirk: reg 0x10: [io  0x01f0-0x01f7]
Feb  3 21:19:45 localhost kernel: pci 0000:00:01.1: legacy IDE quirk: reg 0x14: [io  0x03f6]
Feb  3 21:19:45 localhost kernel: pci 0000:00:01.1: legacy IDE quirk: reg 0x18: [io  0x0170-0x0177]
Feb  3 21:19:45 localhost kernel: pci 0000:00:01.1: legacy IDE quirk: reg 0x1c: [io  0x0376]
Feb  3 21:19:45 localhost kernel: pci 0000:00:07.0: quirk: [io  0x4000-0x403f] claimed by PIIX4 ACPI
Feb  3 21:19:45 localhost kernel: pci 0000:00:07.0: quirk: [io  0x4100-0x410f] claimed by PIIX4 SMB
Feb  3 21:19:45 localhost kernel: ACPI: PCI Interrupt Link [LNKA] (IRQs 5 9 10 *11)
Feb  3 21:19:45 localhost kernel: ACPI: PCI Interrupt Link [LNKB] (IRQs 5 9 10 *11)
Feb  3 21:19:45 localhost kernel: ACPI: PCI Interrupt Link [LNKC] (IRQs 5 9 *10 11)
Feb  3 21:19:45 localhost kernel: ACPI: PCI Interrupt Link [LNKD] (IRQs 5 *9 10 11)
Feb  3 21:19:45 localhost kernel: ACPI: Enabled 2 GPEs in block 00 to 07
Feb  3 21:19:45 localhost kernel: vgaarb: device added: PCI:0000:00:02.0,decodes=io+mem,owns=io+mem,locks=none
Feb  3 21:19:45 localhost kernel: vgaarb: loaded
Feb  3 21:19:45 localhost kernel: vgaarb: bridge control possible 0000:00:02.0
Feb  3 21:19:45 localhost kernel: SCSI subsystem initialized
Feb  3 21:19:45 localhost kernel: ACPI: bus type USB registered
Feb  3 21:19:45 localhost kernel: usbcore: registered new interface driver usbfs
Feb  3 21:19:45 localhost kernel: usbcore: registered new interface driver hub
Feb  3 21:19:45 localhost kernel: usbcore: registered new device driver usb
Feb  3 21:19:45 localhost kernel: PCI: Using ACPI for IRQ routing
Feb  3 21:19:45 localhost kernel: NetLabel: Initializing
Feb  3 21:19:45 localhost kernel: NetLabel:  domain hash size = 128
Feb  3 21:19:45 localhost kernel: NetLabel:  protocols = UNLABELED CIPSOv4
Feb  3 21:19:45 localhost kernel: NetLabel:  unlabeled traffic allowed by default
Feb  3 21:19:45 localhost kernel: Switched to clocksource kvm-clock
Feb  3 21:19:45 localhost kernel: pnp: PnP ACPI init
Feb  3 21:19:45 localhost kernel: ACPI: bus type PNP registered
Feb  3 21:19:45 localhost kernel: pnp: PnP ACPI: found 2 devices
Feb  3 21:19:45 localhost kernel: ACPI: bus type PNP unregistered
Feb  3 21:19:45 localhost kernel: NET: Registered protocol family 2
Feb  3 21:19:45 localhost kernel: TCP established hash table entries: 16384 (order: 5, 131072 bytes)
Feb  3 21:19:45 localhost kernel: TCP bind hash table entries: 16384 (order: 6, 262144 bytes)
Feb  3 21:19:45 localhost kernel: TCP: Hash tables configured (established 16384 bind 16384)
Feb  3 21:19:45 localhost kernel: TCP: reno registered
Feb  3 21:19:45 localhost kernel: UDP hash table entries: 1024 (order: 3, 32768 bytes)
Feb  3 21:19:45 localhost kernel: UDP-Lite hash table entries: 1024 (order: 3, 32768 bytes)
Feb  3 21:19:45 localhost kernel: NET: Registered protocol family 1
Feb  3 21:19:45 localhost kernel: pci 0000:00:00.0: Limiting direct PCI/PCI transfers
Feb  3 21:19:45 localhost kernel: pci 0000:00:01.0: Activating ISA DMA hang workarounds
Feb  3 21:19:45 localhost kernel: Unpacking initramfs...
Feb  3 21:19:45 localhost kernel: Freeing initrd memory: 17484k freed
Feb  3 21:19:45 localhost kernel: RAPL PMU: API unit is 2^-32 Joules, 4 fixed counters, 10737418240 ms ovfl timer
Feb  3 21:19:45 localhost kernel: RAPL PMU: hw unit of domain pp0-core 2^-0 Joules
Feb  3 21:19:45 localhost kernel: RAPL PMU: hw unit of domain package 2^-0 Joules
Feb  3 21:19:45 localhost kernel: RAPL PMU: hw unit of domain dram 2^-0 Joules
Feb  3 21:19:45 localhost kernel: RAPL PMU: hw unit of domain pp1-gpu 2^-0 Joules
Feb  3 21:19:45 localhost kernel: platform rtc_cmos: registered platform RTC device (no PNP device found)
Feb  3 21:19:45 localhost kernel: sha1_ssse3: Using AVX optimized SHA-1 implementation
Feb  3 21:19:45 localhost kernel: sha256_ssse3: Using AVX optimized SHA-256 implementation
Feb  3 21:19:45 localhost kernel: futex hash table entries: 256 (order: 2, 16384 bytes)
Feb  3 21:19:45 localhost kernel: Initialise system trusted keyring
Feb  3 21:19:45 localhost kernel: audit: initializing netlink socket (disabled)
Feb  3 21:19:45 localhost kernel: type=2000 audit(1486175843.243:1): initialized
Feb  3 21:19:45 localhost kernel: HugeTLB registered 2 MB page size, pre-allocated 0 pages
Feb  3 21:19:45 localhost kernel: zpool: loaded
Feb  3 21:19:45 localhost kernel: zbud: loaded
Feb  3 21:19:45 localhost kernel: VFS: Disk quotas dquot_6.5.2
Feb  3 21:19:45 localhost kernel: Dquot-cache hash table entries: 512 (order 0, 4096 bytes)
Feb  3 21:19:45 localhost kernel: msgmni has been set to 3676
Feb  3 21:19:45 localhost kernel: Key type big_key registered
Feb  3 21:19:45 localhost kernel: NET: Registered protocol family 38
Feb  3 21:19:45 localhost kernel: Key type asymmetric registered
Feb  3 21:19:45 localhost kernel: Asymmetric key parser 'x509' registered
Feb  3 21:19:45 localhost kernel: Block layer SCSI generic (bsg) driver version 0.4 loaded (major 251)
Feb  3 21:19:45 localhost kernel: io scheduler noop registered
Feb  3 21:19:45 localhost kernel: io scheduler deadline registered (default)
Feb  3 21:19:45 localhost kernel: io scheduler cfq registered
Feb  3 21:19:45 localhost kernel: pci_hotplug: PCI Hot Plug PCI Core version: 0.5
Feb  3 21:19:45 localhost kernel: pciehp: PCI Express Hot Plug Controller Driver version: 0.4
Feb  3 21:19:45 localhost kernel: ACPI: AC Adapter [AC] (off-line)
Feb  3 21:19:45 localhost kernel: input: Power Button as /devices/LNXSYSTM:00/LNXPWRBN:00/input/input0
Feb  3 21:19:45 localhost kernel: ACPI: Power Button [PWRF]
Feb  3 21:19:45 localhost kernel: input: Sleep Button as /devices/LNXSYSTM:00/LNXSLPBN:00/input/input1
Feb  3 21:19:45 localhost kernel: ACPI: Sleep Button [SLPF]
Feb  3 21:19:45 localhost kernel: GHES: HEST is not enabled!
Feb  3 21:19:45 localhost kernel: Serial: 8250/16550 driver, 4 ports, IRQ sharing enabled
Feb  3 21:19:45 localhost kernel: Non-volatile memory driver v1.3
Feb  3 21:19:45 localhost kernel: Linux agpgart interface v0.103
Feb  3 21:19:45 localhost kernel: crash memory driver: version 1.1
Feb  3 21:19:45 localhost kernel: rdac: device handler registered
Feb  3 21:19:45 localhost kernel: hp_sw: device handler registered
Feb  3 21:19:45 localhost kernel: emc: device handler registered
Feb  3 21:19:45 localhost kernel: alua: device handler registered
Feb  3 21:19:45 localhost kernel: libphy: Fixed MDIO Bus: probed
Feb  3 21:19:45 localhost kernel: ehci_hcd: USB 2.0 'Enhanced' Host Controller (EHCI) Driver
Feb  3 21:19:45 localhost kernel: ehci-pci: EHCI PCI platform driver
Feb  3 21:19:45 localhost kernel: ehci-pci 0000:00:0b.0: EHCI Host Controller
Feb  3 21:19:45 localhost kernel: ehci-pci 0000:00:0b.0: new USB bus registered, assigned bus number 1
Feb  3 21:19:45 localhost kernel: ehci-pci 0000:00:0b.0: irq 19, io mem 0xf0805000
Feb  3 21:19:45 localhost kernel: ACPI: Battery Slot [BAT0] (battery present)
Feb  3 21:19:45 localhost kernel: ehci-pci 0000:00:0b.0: USB 2.0 started, EHCI 1.00
Feb  3 21:19:45 localhost kernel: usb usb1: New USB device found, idVendor=1d6b, idProduct=0002
Feb  3 21:19:45 localhost kernel: usb usb1: New USB device strings: Mfr=3, Product=2, SerialNumber=1
Feb  3 21:19:45 localhost kernel: usb usb1: Product: EHCI Host Controller
Feb  3 21:19:45 localhost kernel: usb usb1: Manufacturer: Linux 3.10.0-514.el7.x86_64 ehci_hcd
Feb  3 21:19:45 localhost kernel: usb usb1: SerialNumber: 0000:00:0b.0
Feb  3 21:19:45 localhost kernel: hub 1-0:1.0: USB hub found
Feb  3 21:19:45 localhost kernel: hub 1-0:1.0: 12 ports detected
Feb  3 21:19:45 localhost kernel: ohci_hcd: USB 1.1 'Open' Host Controller (OHCI) Driver
Feb  3 21:19:45 localhost kernel: ohci-pci: OHCI PCI platform driver
Feb  3 21:19:45 localhost kernel: ohci-pci 0000:00:06.0: OHCI PCI host controller
Feb  3 21:19:45 localhost kernel: ohci-pci 0000:00:06.0: new USB bus registered, assigned bus number 2
Feb  3 21:19:45 localhost kernel: ohci-pci 0000:00:06.0: irq 22, io mem 0xf0804000
Feb  3 21:19:45 localhost kernel: usb usb2: New USB device found, idVendor=1d6b, idProduct=0001
Feb  3 21:19:45 localhost kernel: usb usb2: New USB device strings: Mfr=3, Product=2, SerialNumber=1
Feb  3 21:19:45 localhost kernel: usb usb2: Product: OHCI PCI host controller
Feb  3 21:19:45 localhost kernel: usb usb2: Manufacturer: Linux 3.10.0-514.el7.x86_64 ohci_hcd
Feb  3 21:19:45 localhost kernel: usb usb2: SerialNumber: 0000:00:06.0
Feb  3 21:19:45 localhost kernel: hub 2-0:1.0: USB hub found
Feb  3 21:19:45 localhost kernel: hub 2-0:1.0: 12 ports detected
Feb  3 21:19:45 localhost kernel: uhci_hcd: USB Universal Host Controller Interface driver
Feb  3 21:19:45 localhost kernel: usbcore: registered new interface driver usbserial
Feb  3 21:19:45 localhost kernel: usbcore: registered new interface driver usbserial_generic
Feb  3 21:19:45 localhost kernel: usbserial: USB Serial support registered for generic
Feb  3 21:19:45 localhost kernel: i8042: PNP: PS/2 Controller [PNP0303:PS2K,PNP0f03:PS2M] at 0x60,0x64 irq 1,12
Feb  3 21:19:45 localhost kernel: serio: i8042 KBD port at 0x60,0x64 irq 1
Feb  3 21:19:45 localhost kernel: serio: i8042 AUX port at 0x60,0x64 irq 12
Feb  3 21:19:45 localhost kernel: mousedev: PS/2 mouse device common for all mice
Feb  3 21:19:45 localhost kernel: input: AT Translated Set 2 keyboard as /devices/platform/i8042/serio0/input/input2
Feb  3 21:19:45 localhost kernel: rtc_cmos rtc_cmos: rtc core: registered rtc_cmos as rtc0
Feb  3 21:19:45 localhost kernel: rtc_cmos rtc_cmos: alarms up to one day, 114 bytes nvram
Feb  3 21:19:45 localhost kernel: cpuidle: using governor menu
Feb  3 21:19:45 localhost kernel: hidraw: raw HID events driver (C) Jiri Kosina
Feb  3 21:19:45 localhost kernel: usbcore: registered new interface driver usbhid
Feb  3 21:19:45 localhost kernel: usbhid: USB HID core driver
Feb  3 21:19:45 localhost kernel: drop_monitor: Initializing network drop monitor service
Feb  3 21:19:45 localhost kernel: TCP: cubic registered
Feb  3 21:19:45 localhost kernel: Initializing XFRM netlink socket
Feb  3 21:19:45 localhost kernel: NET: Registered protocol family 10
Feb  3 21:19:45 localhost kernel: NET: Registered protocol family 17
Feb  3 21:19:45 localhost kernel: microcode: CPU0 sig=0x306d4, pf=0x40, revision=0x0
Feb  3 21:19:45 localhost kernel: microcode: Microcode Update Driver: v2.01 <tigran@aivazian.fsnet.co.uk>, Peter Oruba
Feb  3 21:19:45 localhost kernel: Loading compiled-in X.509 certificates
Feb  3 21:19:45 localhost kernel: Loaded X.509 cert 'CentOS Linux kpatch signing key: ea0413152cde1d98ebdca3fe6f0230904c9ef717'
Feb  3 21:19:45 localhost kernel: Loaded X.509 cert 'CentOS Linux Driver update signing key: 7f421ee0ab69461574bb358861dbe77762a4201b'
Feb  3 21:19:45 localhost kernel: Loaded X.509 cert 'CentOS Linux kernel signing key: d48863a7c16fcc274123e6298f74f057af19fc54'
Feb  3 21:19:45 localhost kernel: registered taskstats version 1
Feb  3 21:19:45 localhost kernel: Key type trusted registered
Feb  3 21:19:45 localhost kernel: Key type encrypted registered
Feb  3 21:19:45 localhost kernel: IMA: No TPM chip found, activating TPM-bypass!
Feb  3 21:19:45 localhost kernel: rtc_cmos rtc_cmos: setting system clock to 2017-02-04 02:19:45 UTC (1486174785)
Feb  3 21:19:45 localhost kernel: Freeing unused kernel memory: 1680k freed
Feb  3 21:19:45 localhost systemd[1]: systemd 219 running in system mode. (+PAM +AUDIT +SELINUX +IMA -APPARMOR +SMACK +SYSVINIT +UTMP +LIBCRYPTSETUP +GCRYPT +GNUTLS +ACL +XZ -LZ4 -SECCOMP +BLKID +ELFUTILS +KMOD +IDN)
Feb  3 21:19:45 localhost systemd[1]: Detected virtualization kvm.
Feb  3 21:19:45 localhost systemd[1]: Detected architecture x86-64.
Feb  3 21:19:45 localhost systemd[1]: Running in initial RAM disk.
Feb  3 21:19:45 localhost systemd[1]: Set hostname to <localhost.localdomain>.
Feb  3 21:19:45 localhost systemd[1]: Created slice Root Slice.
Feb  3 21:19:45 localhost systemd[1]: Starting Root Slice.
Feb  3 21:19:45 localhost systemd[1]: Created slice System Slice.
Feb  3 21:19:45 localhost systemd[1]: Starting System Slice.
Feb  3 21:19:45 localhost systemd[1]: Reached target Swap.
Feb  3 21:19:45 localhost systemd[1]: Starting Swap.
Feb  3 21:19:45 localhost systemd[1]: Listening on Journal Socket.
Feb  3 21:19:45 localhost systemd[1]: Starting Journal Socket.
Feb  3 21:19:45 localhost systemd[1]: Starting Create list of required static device nodes for the current kernel...
Feb  3 21:19:45 localhost systemd[1]: Listening on udev Control Socket.
Feb  3 21:19:45 localhost systemd[1]: Starting udev Control Socket.
Feb  3 21:19:45 localhost systemd[1]: Reached target Timers.
Feb  3 21:19:45 localhost systemd[1]: Starting Timers.
Feb  3 21:19:45 localhost systemd[1]: Starting dracut cmdline hook...
Feb  3 21:19:45 localhost systemd[1]: Starting Apply Kernel Variables...
Feb  3 21:19:45 localhost systemd[1]: Starting Journal Service...
Feb  3 21:19:45 localhost systemd[1]: Listening on udev Kernel Socket.
Feb  3 21:19:45 localhost systemd[1]: Starting udev Kernel Socket.
Feb  3 21:19:45 localhost systemd[1]: Reached target Local File Systems.
Feb  3 21:19:45 localhost systemd[1]: Starting Local File Systems.
Feb  3 21:19:45 localhost systemd[1]: Starting Setup Virtual Console...
Feb  3 21:19:45 localhost systemd[1]: Reached target Slices.
Feb  3 21:19:45 localhost systemd[1]: Starting Slices.
Feb  3 21:19:45 localhost systemd[1]: Reached target Sockets.
Feb  3 21:19:45 localhost systemd[1]: Starting Sockets.
Feb  3 21:19:45 localhost systemd[1]: Started Create list of required static device nodes for the current kernel.
Feb  3 21:19:45 localhost systemd[1]: Started Apply Kernel Variables.
Feb  3 21:19:45 localhost systemd[1]: Starting Create Static Device Nodes in /dev...
Feb  3 21:19:45 localhost systemd[1]: Started Create Static Device Nodes in /dev.
Feb  3 21:19:45 localhost journal: Journal started
Feb  3 21:19:45 localhost systemd[1]: Started Journal Service.
Feb  3 21:19:45 localhost systemd: Started Setup Virtual Console.
Feb  3 21:19:45 localhost kernel: psmouse serio1: alps: Unknown ALPS touchpad: E7=10 00 64, EC=10 00 64
Feb  3 21:19:45 localhost kernel: input: ImExPS/2 Generic Explorer Mouse as /devices/platform/i8042/serio1/input/input3
Feb  3 21:19:45 localhost systemd: Started dracut cmdline hook.
Feb  3 21:19:45 localhost systemd: Starting dracut pre-udev hook...
Feb  3 21:19:45 localhost systemd: Started dracut pre-udev hook.
Feb  3 21:19:45 localhost systemd: Starting udev Kernel Device Manager...
Feb  3 21:19:45 localhost systemd-udevd: starting version 219
Feb  3 21:19:45 localhost systemd: Started udev Kernel Device Manager.
Feb  3 21:19:45 localhost systemd: Starting udev Coldplug all Devices...
Feb  3 21:19:45 localhost systemd: Mounting Configuration File System...
Feb  3 21:19:45 localhost systemd: Mounted Configuration File System.
Feb  3 21:19:45 localhost kernel: FUJITSU Extended Socket Network Device Driver - version 1.1 - Copyright (c) 2015 FUJITSU LIMITED
Feb  3 21:19:45 localhost kernel: e1000: Intel(R) PRO/1000 Network Driver - version 7.3.21-k8-NAPI
Feb  3 21:19:45 localhost kernel: e1000: Copyright (c) 1999-2006 Intel Corporation.
Feb  3 21:19:45 localhost systemd: Started udev Coldplug all Devices.
Feb  3 21:19:45 localhost systemd: Starting Show Plymouth Boot Screen...
Feb  3 21:19:45 localhost systemd: Starting dracut initqueue hook...
Feb  3 21:19:45 localhost systemd: Reached target System Initialization.
Feb  3 21:19:45 localhost systemd: Starting System Initialization.
Feb  3 21:19:45 localhost systemd: Started Show Plymouth Boot Screen.
Feb  3 21:19:45 localhost systemd: Started Forward Password Requests to Plymouth Directory Watch.
Feb  3 21:19:45 localhost systemd: Starting Forward Password Requests to Plymouth Directory Watch.
Feb  3 21:19:45 localhost systemd: Reached target Paths.
Feb  3 21:19:45 localhost systemd: Starting Paths.
Feb  3 21:19:45 localhost systemd: Reached target Basic System.
Feb  3 21:19:45 localhost systemd: Starting Basic System.
Feb  3 21:19:45 localhost kernel: usb 2-1: new full-speed USB device number 2 using ohci-pci
Feb  3 21:19:46 localhost kernel: usb 2-1: New USB device found, idVendor=80ee, idProduct=0021
Feb  3 21:19:46 localhost kernel: usb 2-1: New USB device strings: Mfr=1, Product=3, SerialNumber=0
Feb  3 21:19:46 localhost kernel: usb 2-1: Product: USB Tablet
Feb  3 21:19:46 localhost kernel: usb 2-1: Manufacturer: VirtualBox
Feb  3 21:19:46 localhost kernel: e1000 0000:00:03.0 eth0: (PCI:33MHz:32-bit) 08:00:27:95:bf:48
Feb  3 21:19:46 localhost kernel: e1000 0000:00:03.0 eth0: Intel(R) PRO/1000 Network Connection
Feb  3 21:19:46 localhost kernel: scsi host0: ata_piix
Feb  3 21:19:46 localhost kernel: scsi host1: ata_piix
Feb  3 21:19:46 localhost kernel: ata1: PATA max UDMA/33 cmd 0x1f0 ctl 0x3f6 bmdma 0xd000 irq 14
Feb  3 21:19:46 localhost kernel: ata2: PATA max UDMA/33 cmd 0x170 ctl 0x376 bmdma 0xd008 irq 15
Feb  3 21:19:46 localhost kernel: input: VirtualBox USB Tablet as /devices/pci0000:00/0000:00:06.0/usb2/2-1/2-1:1.0/input/input4
Feb  3 21:19:46 localhost kernel: hid-generic 0003:80EE:0021.0001: input,hidraw0: USB HID v1.10 Mouse [VirtualBox USB Tablet] on usb-0000:00:06.0-1/input0
Feb  3 21:19:46 localhost kernel: tsc: Refined TSC clocksource calibration: 2892.875 MHz
Feb  3 21:19:46 localhost kernel: ata2.00: ATAPI: VBOX CD-ROM, 1.0, max UDMA/133
Feb  3 21:19:46 localhost kernel: ata1.00: ATA-6: VBOX HARDDISK, 1.0, max UDMA/133
Feb  3 21:19:46 localhost kernel: ata1.00: 16777216 sectors, multi 128: LBA 
Feb  3 21:19:46 localhost kernel: ata2.00: configured for UDMA/33
Feb  3 21:19:46 localhost kernel: ata1.00: configured for UDMA/33
Feb  3 21:19:46 localhost kernel: scsi 0:0:0:0: Direct-Access     ATA      VBOX HARDDISK    1.0  PQ: 0 ANSI: 5
Feb  3 21:19:46 localhost kernel: scsi 1:0:0:0: CD-ROM            VBOX     CD-ROM           1.0  PQ: 0 ANSI: 5
Feb  3 21:19:46 localhost kernel: sd 0:0:0:0: [sda] 16777216 512-byte logical blocks: (8.58 GB/8.00 GiB)
Feb  3 21:19:46 localhost kernel: sd 0:0:0:0: [sda] Write Protect is off
Feb  3 21:19:46 localhost kernel: sd 0:0:0:0: [sda] Write cache: enabled, read cache: enabled, doesn't support DPO or FUA
Feb  3 21:19:46 localhost kernel: sda: sda1
Feb  3 21:19:46 localhost kernel: sd 0:0:0:0: [sda] Attached SCSI disk
Feb  3 21:19:46 localhost kernel: sr 1:0:0:0: [sr0] scsi3-mmc drive: 32x/32x xa/form2 tray
Feb  3 21:19:46 localhost kernel: cdrom: Uniform CD-ROM driver Revision: 3.20
Feb  3 21:19:46 localhost systemd: Found device VBOX_HARDDISK 1.
Feb  3 21:19:46 localhost systemd: Starting File System Check on /dev/disk/by-uuid/293caccc-d9f3-4187-8d1b-f245b57713aa...
Feb  3 21:19:46 localhost systemd-fsck: /sbin/fsck.xfs: XFS file system.
Feb  3 21:19:46 localhost systemd: Started File System Check on /dev/disk/by-uuid/293caccc-d9f3-4187-8d1b-f245b57713aa.
Feb  3 21:19:46 localhost systemd: Started dracut initqueue hook.
Feb  3 21:19:46 localhost systemd: Mounting /sysroot...
Feb  3 21:19:46 localhost systemd: Reached target Remote File Systems (Pre).
Feb  3 21:19:46 localhost systemd: Starting Remote File Systems (Pre).
Feb  3 21:19:46 localhost systemd: Reached target Remote File Systems.
Feb  3 21:19:46 localhost systemd: Starting Remote File Systems.
Feb  3 21:19:46 localhost kernel: SGI XFS with ACLs, security attributes, no debug enabled
Feb  3 21:19:46 localhost kernel: XFS (sda1): Mounting V5 Filesystem
Feb  3 21:19:46 localhost systemd: Mounted /sysroot.
Feb  3 21:19:46 localhost systemd: Reached target Initrd Root File System.
Feb  3 21:19:46 localhost systemd: Starting Initrd Root File System.
Feb  3 21:19:46 localhost systemd: Starting Reload Configuration from the Real Root...
Feb  3 21:19:46 localhost kernel: XFS (sda1): Ending clean mount
Feb  3 21:19:46 localhost systemd: Reloading.
Feb  3 21:19:46 localhost systemd: Started Reload Configuration from the Real Root.
Feb  3 21:19:46 localhost systemd: Reached target Initrd File Systems.
Feb  3 21:19:46 localhost systemd: Starting Initrd File Systems.
Feb  3 21:19:46 localhost systemd: Reached target Initrd Default Target.
Feb  3 21:19:46 localhost systemd: Starting Initrd Default Target.
Feb  3 21:19:46 localhost systemd: Starting dracut pre-pivot and cleanup hook...
Feb  3 21:19:46 localhost systemd: Started dracut pre-pivot and cleanup hook.
Feb  3 21:19:46 localhost systemd: Starting Cleaning Up and Shutting Down Daemons...
Feb  3 21:19:46 localhost systemd: Starting Plymouth switch root service...
Feb  3 21:19:46 localhost systemd: Stopped target Timers.
Feb  3 21:19:46 localhost systemd: Stopping Timers.
Feb  3 21:19:46 localhost systemd: Stopped Cleaning Up and Shutting Down Daemons.
Feb  3 21:19:46 localhost systemd: Stopped dracut pre-pivot and cleanup hook.
Feb  3 21:19:46 localhost systemd: Stopping dracut pre-pivot and cleanup hook...
Feb  3 21:19:46 localhost systemd: Stopped target Remote File Systems.
Feb  3 21:19:46 localhost systemd: Stopping Remote File Systems.
Feb  3 21:19:46 localhost systemd: Stopped target Remote File Systems (Pre).
Feb  3 21:19:46 localhost systemd: Stopping Remote File Systems (Pre).
Feb  3 21:19:46 localhost systemd: Stopped dracut initqueue hook.
Feb  3 21:19:46 localhost systemd: Stopping dracut initqueue hook...
Feb  3 21:19:46 localhost systemd: Stopped target Initrd Default Target.
Feb  3 21:19:46 localhost systemd: Stopping Initrd Default Target.
Feb  3 21:19:46 localhost systemd: Stopped target Basic System.
Feb  3 21:19:46 localhost systemd: Stopping Basic System.
Feb  3 21:19:46 localhost systemd: Stopped target Paths.
Feb  3 21:19:46 localhost systemd: Stopping Paths.
Feb  3 21:19:46 localhost systemd: Stopped target Sockets.
Feb  3 21:19:46 localhost systemd: Stopping Sockets.
Feb  3 21:19:46 localhost systemd: Stopped target Slices.
Feb  3 21:19:46 localhost systemd: Stopping Slices.
Feb  3 21:19:46 localhost systemd: Stopped target System Initialization.
Feb  3 21:19:46 localhost systemd: Stopping System Initialization.
Feb  3 21:19:46 localhost systemd: Stopped target Local File Systems.
Feb  3 21:19:46 localhost systemd: Stopping Local File Systems.
Feb  3 21:19:46 localhost systemd: Stopped udev Coldplug all Devices.
Feb  3 21:19:46 localhost systemd: Stopping udev Coldplug all Devices...
Feb  3 21:19:46 localhost systemd: Stopped target Swap.
Feb  3 21:19:46 localhost systemd: Stopping Swap.
Feb  3 21:19:46 localhost systemd: Stopping udev Kernel Device Manager...
Feb  3 21:19:46 localhost systemd: Stopped Apply Kernel Variables.
Feb  3 21:19:46 localhost systemd: Stopping Apply Kernel Variables...
Feb  3 21:19:46 localhost systemd: Stopped udev Kernel Device Manager.
Feb  3 21:19:46 localhost systemd: Stopped dracut pre-udev hook.
Feb  3 21:19:46 localhost systemd: Stopping dracut pre-udev hook...
Feb  3 21:19:46 localhost systemd: Stopped dracut cmdline hook.
Feb  3 21:19:46 localhost systemd: Stopping dracut cmdline hook...
Feb  3 21:19:46 localhost systemd: Stopped Create Static Device Nodes in /dev.
Feb  3 21:19:46 localhost systemd: Stopping Create Static Device Nodes in /dev...
Feb  3 21:19:46 localhost systemd: Stopped Create list of required static device nodes for the current kernel.
Feb  3 21:19:46 localhost systemd: Stopping Create list of required static device nodes for the current kernel...
Feb  3 21:19:46 localhost systemd: Closed udev Control Socket.
Feb  3 21:19:46 localhost systemd: Stopping udev Control Socket.
Feb  3 21:19:46 localhost systemd: Closed udev Kernel Socket.
Feb  3 21:19:46 localhost systemd: Stopping udev Kernel Socket.
Feb  3 21:19:46 localhost systemd: Starting Cleanup udevd DB...
Feb  3 21:19:46 localhost systemd: Started Cleanup udevd DB.
Feb  3 21:19:46 localhost systemd: Reached target Switch Root.
Feb  3 21:19:46 localhost systemd: Starting Switch Root.
Feb  3 21:19:46 localhost systemd: Started Plymouth switch root service.
Feb  3 21:19:46 localhost systemd: Starting Switch Root...
Feb  3 21:19:46 localhost systemd: Switching root.
Feb  3 21:19:46 localhost journal: Journal stopped
Feb  3 21:19:47 localhost journal: Runtime journal is using 8.0M (max allowed 91.9M, trying to leave 137.9M free of 911.7M available → current limit 91.9M).
Feb  3 21:19:47 localhost journal: Runtime journal is using 8.0M (max allowed 91.9M, trying to leave 137.9M free of 911.7M available → current limit 91.9M).
Feb  3 21:19:47 localhost systemd-journald[91]: Received SIGTERM from PID 1 (systemd).
Feb  3 21:19:47 localhost kernel: type=1404 audit(1486174786.860:2): enforcing=1 old_enforcing=0 auid=4294967295 ses=4294967295
Feb  3 21:19:47 localhost kernel: type=1403 audit(1486174787.111:3): policy loaded auid=4294967295 ses=4294967295
Feb  3 21:19:47 localhost systemd[1]: Successfully loaded SELinux policy in 264.174ms.
Feb  3 21:19:47 localhost kernel: ip_tables: (C) 2000-2006 Netfilter Core Team
Feb  3 21:19:47 localhost systemd[1]: Inserted module 'ip_tables'
Feb  3 21:19:47 localhost systemd[1]: Relabelled /dev and /run in 19.943ms.
Feb  3 21:19:47 localhost journal: Journal started
Feb  3 21:19:47 localhost systemd: systemd 219 running in system mode. (+PAM +AUDIT +SELINUX +IMA -APPARMOR +SMACK +SYSVINIT +UTMP +LIBCRYPTSETUP +GCRYPT +GNUTLS +ACL +XZ -LZ4 -SECCOMP +BLKID +ELFUTILS +KMOD +IDN)
Feb  3 21:19:47 localhost systemd: Detected virtualization kvm.
Feb  3 21:19:47 localhost systemd: Detected architecture x86-64.
Feb  3 21:19:47 localhost systemd: Set hostname to <localhost.localdomain>.
Feb  3 21:19:47 localhost systemd: Started Apply Kernel Variables.
Feb  3 21:19:47 localhost systemd: Mounted Debug File System.
Feb  3 21:19:47 localhost systemd: Mounted POSIX Message Queue File System.
Feb  3 21:19:47 localhost systemd: Mounted Huge Pages File System.
Feb  3 21:19:47 localhost systemd: Started Remount Root and Kernel File Systems.
Feb  3 21:19:47 localhost systemd: Starting Rebuild Hardware Database...
Feb  3 21:19:47 localhost systemd: Starting Configure read-only root support...
Feb  3 21:19:47 localhost systemd: Starting Flush Journal to Persistent Storage...
Feb  3 21:19:47 localhost systemd: Starting Load/Save Random Seed...
Feb  3 21:19:47 localhost systemd: Started Load/Save Random Seed.
Feb  3 21:19:47 localhost journal: Runtime journal is using 8.0M (max allowed 91.9M, trying to leave 137.9M free of 911.7M available → current limit 91.9M).
Feb  3 21:19:47 localhost systemd: Started Flush Journal to Persistent Storage.
Feb  3 21:19:47 localhost systemd: Started Create Static Device Nodes in /dev.
Feb  3 21:19:47 localhost systemd: Reached target Local File Systems (Pre).
Feb  3 21:19:47 localhost systemd: Starting Local File Systems (Pre).
Feb  3 21:19:47 localhost systemd: Starting udev Kernel Device Manager...
Feb  3 21:19:47 localhost systemd: Started Configure read-only root support.
Feb  3 21:19:47 localhost systemd: Reached target Local File Systems.
Feb  3 21:19:47 localhost systemd: Starting Local File Systems.
Feb  3 21:19:47 localhost systemd: Starting Import network configuration from initramfs...
Feb  3 21:19:47 localhost systemd: Starting Rebuild Journal Catalog...
Feb  3 21:19:47 localhost systemd: Starting Tell Plymouth To Write Out Runtime Data...
Feb  3 21:19:47 localhost systemd-udevd: starting version 219
Feb  3 21:19:47 localhost systemd: Started Rebuild Journal Catalog.
Feb  3 21:19:47 localhost systemd: Started Rebuild Hardware Database.
Feb  3 21:19:47 localhost systemd: Starting Update is Completed...
Feb  3 21:19:47 localhost systemd: Starting udev Coldplug all Devices...
Feb  3 21:19:47 localhost systemd: Started udev Kernel Device Manager.
Feb  3 21:19:47 localhost systemd: Started Update is Completed.
Feb  3 21:19:47 localhost systemd: Started Tell Plymouth To Write Out Runtime Data.
Feb  3 21:19:48 localhost systemd: Started udev Coldplug all Devices.
Feb  3 21:19:48 localhost kernel: ACPI: Video Device [GFX0] (multi-head: yes  rom: no  post: no)
Feb  3 21:19:48 localhost kernel: input: Video Bus as /devices/LNXSYSTM:00/device:00/PNP0A03:00/LNXVIDEO:00/input/input5
Feb  3 21:19:48 localhost kernel: piix4_smbus 0000:00:07.0: SMBus Host Controller at 0x4100, revision 0
Feb  3 21:19:48 localhost kernel: sd 0:0:0:0: Attached scsi generic sg0 type 0
Feb  3 21:19:48 localhost kernel: sr 1:0:0:0: Attached scsi generic sg1 type 5
Feb  3 21:19:48 localhost systemd: Started Import network configuration from initramfs.
Feb  3 21:19:48 localhost systemd: Starting Create Volatile Files and Directories...
Feb  3 21:19:48 localhost kernel: input: PC Speaker as /devices/platform/pcspkr/input/input6
Feb  3 21:19:48 localhost kernel: AES CTR mode by8 optimization enabled
Feb  3 21:19:48 localhost kernel: ppdev: user-space parallel port driver
Feb  3 21:19:48 localhost kernel: alg: No test for __gcm-aes-aesni (__driver-gcm-aes-aesni)
Feb  3 21:19:48 localhost systemd: Started Create Volatile Files and Directories.
Feb  3 21:19:48 localhost systemd: Starting Security Auditing Service...
Feb  3 21:19:48 localhost kernel: alg: No test for crc32 (crc32-pclmul)
Feb  3 21:19:48 localhost kernel: intel_rapl: no valid rapl domains found in package 0
Feb  3 21:19:48 localhost kernel: snd_intel8x0 0000:00:05.0: intel8x0_measure_ac97_clock: measured 173854 usecs (8864 samples)
Feb  3 21:19:48 localhost kernel: snd_intel8x0 0000:00:05.0: clocking to 45189
Feb  3 21:19:48 localhost systemd: Reached target Sound Card.
Feb  3 21:19:48 localhost systemd: Starting Sound Card.
Feb  3 21:19:48 localhost auditd[439]: Started dispatcher: /sbin/audispd pid: 461
Feb  3 21:19:48 localhost kernel: type=1305 audit(1486174788.778:4): audit_pid=439 old=0 auid=4294967295 ses=4294967295 subj=system_u:system_r:auditd_t:s0 res=1
Feb  3 21:19:48 localhost audispd: No plugins found, exiting
Feb  3 21:19:48 localhost systemd: Started Security Auditing Service.
Feb  3 21:19:48 localhost auditd[439]: Init complete, auditd 2.6.5 listening for events (startup state enable)
Feb  3 21:19:48 localhost systemd: Starting Update UTMP about System Boot/Shutdown...
Feb  3 21:19:48 localhost systemd: Started Update UTMP about System Boot/Shutdown.
Feb  3 21:19:48 localhost systemd: Reached target System Initialization.
Feb  3 21:19:48 localhost systemd: Starting System Initialization.
Feb  3 21:19:48 localhost systemd: Started Daily Cleanup of Temporary Directories.
Feb  3 21:19:48 localhost systemd: Starting Daily Cleanup of Temporary Directories.
Feb  3 21:19:48 localhost systemd: Reached target Timers.
Feb  3 21:19:48 localhost systemd: Starting Timers.
Feb  3 21:19:48 localhost systemd: Started Flexible branding.
Feb  3 21:19:48 localhost systemd: Starting Flexible branding.
Feb  3 21:19:48 localhost systemd: Reached target Paths.
Feb  3 21:19:48 localhost systemd: Starting Paths.
Feb  3 21:19:48 localhost systemd: Listening on D-Bus System Message Bus Socket.
Feb  3 21:19:48 localhost systemd: Starting D-Bus System Message Bus Socket.
Feb  3 21:19:48 localhost systemd: Reached target Sockets.
Feb  3 21:19:48 localhost systemd: Starting Sockets.
Feb  3 21:19:48 localhost systemd: Reached target Basic System.
Feb  3 21:19:48 localhost systemd: Starting Basic System.
Feb  3 21:19:48 localhost systemd: Started D-Bus System Message Bus.
Feb  3 21:19:48 localhost systemd: Starting D-Bus System Message Bus...
Feb  3 21:19:48 localhost systemd: Starting NTP client/server...
Feb  3 21:19:48 localhost systemd: Starting OpenSSH Server Key Generation...
Feb  3 21:19:48 localhost systemd: Starting Login Service...
Feb  3 21:19:48 localhost systemd: Starting Dump dmesg to /var/log/dmesg...
Feb  3 21:19:48 localhost systemd: Starting Permit User Sessions...
Feb  3 21:19:48 localhost systemd: Starting Authorization Manager...
Feb  3 21:19:48 localhost systemd: Started irqbalance daemon.
Feb  3 21:19:48 localhost systemd: Starting irqbalance daemon...
Feb  3 21:19:48 localhost /usr/sbin/irqbalance: Balancing is ineffective on systems with a single cpu.  Shutting down
Feb  3 21:19:48 localhost systemd: Started Permit User Sessions.
Feb  3 21:19:49 localhost chronyd[486]: chronyd version 2.1.1 starting (+CMDMON +NTP +REFCLOCK +RTC +PRIVDROP +DEBUG +ASYNCDNS +IPV6 +SECHASH)
Feb  3 21:19:49 localhost chronyd[486]: Generated key 1
Feb  3 21:19:49 localhost systemd: Started Command Scheduler.
Feb  3 21:19:49 localhost systemd: Starting Command Scheduler...
Feb  3 21:19:49 localhost systemd: Starting Wait for Plymouth Boot Screen to Quit...
Feb  3 21:19:49 localhost systemd: Starting Terminate Plymouth Boot Screen...
Feb  3 21:19:49 localhost systemd-logind: Watching system buttons on /dev/input/event0 (Power Button)
Feb  3 21:19:49 localhost systemd-logind: Watching system buttons on /dev/input/event1 (Sleep Button)
Feb  3 21:19:49 localhost systemd-logind: Watching system buttons on /dev/input/event5 (Video Bus)
Feb  3 21:19:49 localhost systemd-logind: New seat seat0.
Feb  3 21:19:49 localhost systemd: Started Login Service.
Feb  3 21:19:49 localhost systemd: Started Dump dmesg to /var/log/dmesg.
Feb  3 21:19:49 localhost systemd: Started Wait for Plymouth Boot Screen to Quit.
Feb  3 21:19:49 localhost systemd: Started Terminate Plymouth Boot Screen.
Feb  3 21:19:49 localhost systemd: Received SIGRTMIN+21 from PID 220 (n/a).
Feb  3 21:19:49 localhost systemd: Started NTP client/server.
Feb  3 21:19:49 localhost systemd: Started Getty on tty1.
Feb  3 21:19:49 localhost systemd: Starting Getty on tty1...
Feb  3 21:19:49 localhost systemd: Reached target Login Prompts.
Feb  3 21:19:49 localhost systemd: Starting Login Prompts.
Feb  3 21:19:49 localhost polkitd[481]: Started polkitd version 0.112
Feb  3 21:19:49 localhost systemd: Started Authorization Manager.
Feb  3 21:19:49 localhost systemd: Starting firewalld - dynamic firewall daemon...
Feb  3 21:19:49 localhost sshd-keygen: Generating SSH2 RSA host key: [  OK  ]
Feb  3 21:19:49 localhost sshd-keygen: Generating SSH2 ECDSA host key: [  OK  ]
Feb  3 21:19:49 localhost sshd-keygen: Generating SSH2 ED25519 host key: [  OK  ]
Feb  3 21:19:49 localhost systemd: Started OpenSSH Server Key Generation.
Feb  3 21:19:50 localhost systemd: Started firewalld - dynamic firewall daemon.
Feb  3 21:19:50 localhost systemd: Starting Network Manager...
Feb  3 21:19:50 localhost NetworkManager[530]: <info>  [1486174790.6311] NetworkManager (version 1.4.0-12.el7) is starting...
Feb  3 21:19:50 localhost NetworkManager[530]: <info>  [1486174790.6342] Read config: /etc/NetworkManager/NetworkManager.conf
Feb  3 21:19:50 localhost kernel: ip6_tables: (C) 2000-2006 Netfilter Core Team
Feb  3 21:19:50 localhost NetworkManager[530]: <info>  [1486174790.6579] manager[0x7ffa3fa89080]: monitoring kernel firmware directory '/lib/firmware'.
Feb  3 21:19:50 localhost NetworkManager[530]: <info>  [1486174790.6622] dns-mgr[0x7ffa3fa83ac0]: init: dns=default, rc-manager=file
Feb  3 21:19:50 localhost systemd: Started Network Manager.
Feb  3 21:19:50 localhost systemd: Starting Network Manager Wait Online...
Feb  3 21:19:50 localhost dbus[474]: [system] Activating via systemd: service name='org.freedesktop.nm_dispatcher' unit='dbus-org.freedesktop.nm-dispatcher.service'
Feb  3 21:19:50 localhost dbus-daemon: dbus[474]: [system] Activating via systemd: service name='org.freedesktop.nm_dispatcher' unit='dbus-org.freedesktop.nm-dispatcher.service'
Feb  3 21:19:50 localhost systemd: Starting Network Manager Script Dispatcher Service...
Feb  3 21:19:50 localhost dbus[474]: [system] Successfully activated service 'org.freedesktop.nm_dispatcher'
Feb  3 21:19:50 localhost dbus-daemon: dbus[474]: [system] Successfully activated service 'org.freedesktop.nm_dispatcher'
Feb  3 21:19:50 localhost systemd: Started Network Manager Script Dispatcher Service.
Feb  3 21:19:50 localhost NetworkManager[530]: <info>  [1486174790.7724] settings: loaded plugin ifcfg-rh: (c) 2007 - 2015 Red Hat, Inc.  To report bugs please use the NetworkManager mailing list. (/usr/lib64/NetworkManager/libnm-settings-plugin-ifcfg-rh.so)
Feb  3 21:19:50 localhost NetworkManager[530]: <info>  [1486174790.7739] settings: loaded plugin iBFT: (c) 2014 Red Hat, Inc.  To report bugs please use the NetworkManager mailing list. (/usr/lib64/NetworkManager/libnm-settings-plugin-ibft.so)
Feb  3 21:19:50 localhost NetworkManager[530]: <info>  [1486174790.7739] settings: loaded plugin keyfile: (c) 2007 - 2015 Red Hat, Inc.  To report bugs please use the NetworkManager mailing list.
Feb  3 21:19:50 localhost NetworkManager[530]: <info>  [1486174790.7760] ifcfg-rh: new connection /etc/sysconfig/network-scripts/ifcfg-enp0s3 (9a96ff83-d911-4694-9c29-df2769f779d8,"enp0s3")
Feb  3 21:19:50 localhost dbus[474]: [system] Activating via systemd: service name='org.freedesktop.hostname1' unit='dbus-org.freedesktop.hostname1.service'
Feb  3 21:19:50 localhost dbus-daemon: dbus[474]: [system] Activating via systemd: service name='org.freedesktop.hostname1' unit='dbus-org.freedesktop.hostname1.service'
Feb  3 21:19:50 localhost systemd: Starting Hostname Service...
Feb  3 21:19:50 localhost kernel: Ebtables v2.0 registered
Feb  3 21:19:50 localhost dbus-daemon: dbus[474]: [system] Successfully activated service 'org.freedesktop.hostname1'
Feb  3 21:19:50 localhost dbus[474]: [system] Successfully activated service 'org.freedesktop.hostname1'
Feb  3 21:19:50 localhost systemd: Started Hostname Service.
Feb  3 21:19:50 localhost NetworkManager[530]: <info>  [1486174790.8634] settings: hostname: using hostnamed
Feb  3 21:19:50 localhost NetworkManager[530]: <info>  [1486174790.8634] settings: hostname changed from (none) to "localhost.localdomain"
Feb  3 21:19:50 localhost NetworkManager[530]: <info>  [1486174790.8660] dhcp-init: Using DHCP client 'dhclient'
Feb  3 21:19:50 localhost NetworkManager[530]: <info>  [1486174790.8661] manager: WiFi enabled by radio killswitch; enabled by state file
Feb  3 21:19:50 localhost NetworkManager[530]: <info>  [1486174790.8661] manager: WWAN enabled by radio killswitch; enabled by state file
Feb  3 21:19:50 localhost NetworkManager[530]: <info>  [1486174790.8661] manager: Networking is enabled by state file
Feb  3 21:19:50 localhost NetworkManager[530]: <info>  [1486174790.8662] Loaded device plugin: NMVxlanFactory (internal)
Feb  3 21:19:50 localhost NetworkManager[530]: <info>  [1486174790.8662] Loaded device plugin: NMVlanFactory (internal)
Feb  3 21:19:50 localhost NetworkManager[530]: <info>  [1486174790.8662] Loaded device plugin: NMVethFactory (internal)
Feb  3 21:19:50 localhost NetworkManager[530]: <info>  [1486174790.8662] Loaded device plugin: NMTunFactory (internal)
Feb  3 21:19:50 localhost NetworkManager[530]: <info>  [1486174790.8662] Loaded device plugin: NMMacvlanFactory (internal)
Feb  3 21:19:50 localhost NetworkManager[530]: <info>  [1486174790.8662] Loaded device plugin: NMIPTunnelFactory (internal)
Feb  3 21:19:50 localhost NetworkManager[530]: <info>  [1486174790.8663] Loaded device plugin: NMInfinibandFactory (internal)
Feb  3 21:19:50 localhost NetworkManager[530]: <info>  [1486174790.8663] Loaded device plugin: NMEthernetFactory (internal)
Feb  3 21:19:50 localhost NetworkManager[530]: <info>  [1486174790.8663] Loaded device plugin: NMBridgeFactory (internal)
Feb  3 21:19:50 localhost NetworkManager[530]: <info>  [1486174790.8663] Loaded device plugin: NMBondFactory (internal)
Feb  3 21:19:50 localhost NetworkManager[530]: <info>  [1486174790.8710] Loaded device plugin: NMTeamFactory (/usr/lib64/NetworkManager/libnm-device-plugin-team.so)
Feb  3 21:19:50 localhost NetworkManager[530]: <info>  [1486174790.8730] Loaded device plugin: NMWifiFactory (/usr/lib64/NetworkManager/libnm-device-plugin-wifi.so)
Feb  3 21:19:50 localhost NetworkManager[530]: <info>  [1486174790.8743] device (lo): link connected
Feb  3 21:19:50 localhost NetworkManager[530]: <info>  [1486174790.8758] manager: (lo): new Generic device (/org/freedesktop/NetworkManager/Devices/0)
Feb  3 21:19:50 localhost NetworkManager[530]: <info>  [1486174790.8800] manager: (enp0s3): new Ethernet device (/org/freedesktop/NetworkManager/Devices/1)
Feb  3 21:19:50 localhost NetworkManager[530]: <info>  [1486174790.8814] device (enp0s3): state change: unmanaged -> unavailable (reason 'managed') [10 20 2]
Feb  3 21:19:50 localhost nm-dispatcher: req:1 'hostname': new request (3 scripts)
Feb  3 21:19:50 localhost nm-dispatcher: req:1 'hostname': start running ordered scripts...
Feb  3 21:19:50 localhost kernel: IPv6: ADDRCONF(NETDEV_UP): enp0s3: link is not ready
Feb  3 21:19:50 localhost kernel: IPv6: ADDRCONF(NETDEV_UP): enp0s3: link is not ready
Feb  3 21:19:50 localhost kernel: e1000: enp0s3 NIC Link is Up 1000 Mbps Full Duplex, Flow Control: RX
Feb  3 21:19:50 localhost kernel: IPv6: ADDRCONF(NETDEV_CHANGE): enp0s3: link becomes ready
Feb  3 21:19:50 localhost NetworkManager[530]: <info>  [1486174790.9305] device (enp0s3): link connected
Feb  3 21:19:50 localhost NetworkManager[530]: <info>  [1486174790.9498] device (enp0s3): state change: unavailable -> disconnected (reason 'carrier-changed') [20 30 40]
Feb  3 21:19:50 localhost NetworkManager[530]: <info>  [1486174790.9568] manager: startup complete
Feb  3 21:19:50 localhost systemd: Started Network Manager Wait Online.
Feb  3 21:19:50 localhost systemd: Starting LSB: Bring up/down networking...
Feb  3 21:19:50 localhost kernel: nf_conntrack version 0.5.0 (16384 buckets, 65536 max)
Feb  3 21:19:51 localhost kernel: floppy0: no floppy controllers found
Feb  3 21:19:51 localhost kernel: work still pending
Feb  3 21:19:51 localhost kernel: bridge: automatic filtering via arp/ip/ip6tables has been deprecated. Update your scripts to load br_netfilter if you need this.
Feb  3 21:19:51 localhost kernel: Netfilter messages via NETLINK v0.30.
Feb  3 21:19:51 localhost kernel: ip_set: protocol 6
Feb  3 21:19:51 localhost network: Bringing up loopback interface:  [  OK  ]
Feb  3 21:19:52 localhost systemd: Started LSB: Bring up/down networking.
Feb  3 21:19:52 localhost systemd: Reached target Network.
Feb  3 21:19:52 localhost systemd: Starting Network.
Feb  3 21:19:52 localhost systemd: Starting System Logging Service...
Feb  3 21:19:52 localhost systemd: Starting Dynamic System Tuning Daemon...
Feb  3 21:19:52 localhost systemd: Starting OpenSSH server daemon...
Feb  3 21:19:52 localhost systemd: Starting Postfix Mail Transport Agent...
Feb  3 21:19:52 localhost systemd: Reached target Network is Online.
Feb  3 21:19:52 localhost systemd: Starting Network is Online.
Feb  3 21:19:52 localhost systemd: Starting Crash recovery kernel arming...
Feb  3 21:19:52 localhost systemd: PID file /var/run/sshd.pid not readable (yet?) after start.
Feb  3 21:19:52 localhost systemd: Started System Logging Service.
Feb  3 21:19:52 localhost systemd: Started OpenSSH server daemon.
Feb  3 21:19:53 localhost systemd: Started Dynamic System Tuning Daemon.
Feb  3 21:19:53 localhost systemd: Started Postfix Mail Transport Agent.
Feb  3 21:19:53 localhost systemd: Reached target Multi-User System.
Feb  3 21:19:53 localhost systemd: Starting Multi-User System.
Feb  3 21:19:53 localhost systemd: Starting Update UTMP about System Runlevel Changes...
Feb  3 21:19:53 localhost systemd: Started Update UTMP about System Runlevel Changes.
Feb  3 21:19:54 localhost kdumpctl: No kdump initial ramdisk found.
Feb  3 21:19:54 localhost kdumpctl: Rebuilding /boot/initramfs-3.10.0-514.el7.x86_64kdump.img
Feb  3 21:19:55 localhost dracut: dracut-
Feb  3 21:19:55 localhost dracut: Executing: /usr/sbin/dracut --hostonly --hostonly-cmdline --hostonly-i18n -o "plymouth dash resume ifcfg" -f /boot/initramfs-3.10.0-514.el7.x86_64kdump.img 3.10.0-514.el7.x86_64
Feb  3 21:19:55 localhost dracut: dracut module 'modsign' will not be installed, because command 'keyctl' could not be found!
Feb  3 21:19:55 localhost dracut: dracut module 'busybox' will not be installed, because command 'busybox' could not be found!
Feb  3 21:19:55 localhost dracut: dracut module 'ifcfg' will not be installed, because it's in the list to be omitted!
Feb  3 21:19:55 localhost dracut: dracut module 'plymouth' will not be installed, because it's in the list to be omitted!
Feb  3 21:19:55 localhost dracut: dracut module 'crypt' will not be installed, because command 'cryptsetup' could not be found!
Feb  3 21:19:55 localhost dracut: dracut module 'dmraid' will not be installed, because command 'dmraid' could not be found!
Feb  3 21:19:55 localhost dracut: dracut module 'lvm' will not be installed, because command 'lvm' could not be found!
Feb  3 21:19:55 localhost dracut: dracut module 'mdraid' will not be installed, because command 'mdadm' could not be found!
Feb  3 21:19:55 localhost dracut: dracut module 'multipath' will not be installed, because command 'multipath' could not be found!
Feb  3 21:19:55 localhost dracut: dracut module 'cifs' will not be installed, because command 'mount.cifs' could not be found!
Feb  3 21:19:55 localhost dracut: dracut module 'iscsi' will not be installed, because command 'iscsistart' could not be found!
Feb  3 21:19:55 localhost dracut: dracut module 'iscsi' will not be installed, because command 'iscsi-iname' could not be found!
Feb  3 21:19:55 localhost dracut: 95nfs: Could not find any command of 'rpcbind portmap'!
Feb  3 21:19:55 localhost dracut: dracut module 'resume' will not be installed, because it's in the list to be omitted!
Feb  3 21:19:55 localhost dracut: dracut module 'modsign' will not be installed, because command 'keyctl' could not be found!
Feb  3 21:19:55 localhost dracut: dracut module 'busybox' will not be installed, because command 'busybox' could not be found!
Feb  3 21:19:55 localhost dracut: dracut module 'crypt' will not be installed, because command 'cryptsetup' could not be found!
Feb  3 21:19:55 localhost dracut: dracut module 'dmraid' will not be installed, because command 'dmraid' could not be found!
Feb  3 21:19:55 localhost dracut: dracut module 'lvm' will not be installed, because command 'lvm' could not be found!
Feb  3 21:19:55 localhost dracut: dracut module 'mdraid' will not be installed, because command 'mdadm' could not be found!
Feb  3 21:19:55 localhost dracut: dracut module 'multipath' will not be installed, because command 'multipath' could not be found!
Feb  3 21:19:55 localhost dracut: dracut module 'cifs' will not be installed, because command 'mount.cifs' could not be found!
Feb  3 21:19:55 localhost dracut: dracut module 'iscsi' will not be installed, because command 'iscsistart' could not be found!
Feb  3 21:19:55 localhost dracut: dracut module 'iscsi' will not be installed, because command 'iscsi-iname' could not be found!
Feb  3 21:19:55 localhost dracut: 95nfs: Could not find any command of 'rpcbind portmap'!
Feb  3 21:19:55 localhost dracut: *** Including module: bash ***
Feb  3 21:19:55 localhost dracut: *** Including module: nss-softokn ***
Feb  3 21:19:55 localhost dracut: *** Including module: i18n ***
Feb  3 21:19:55 localhost dracut: *** Including module: network ***
Feb  3 21:19:56 localhost dracut: *** Including module: kernel-modules ***
Feb  3 21:20:00 localhost dracut: *** Including module: qemu ***
Feb  3 21:20:00 localhost dracut: *** Including module: rootfs-block ***
Feb  3 21:20:00 localhost dracut: *** Including module: terminfo ***
Feb  3 21:20:00 localhost dracut: *** Including module: udev-rules ***
Feb  3 21:20:00 localhost dracut: Skipping udev rule: 91-permissions.rules
Feb  3 21:20:00 localhost dracut: *** Including module: biosdevname ***
Feb  3 21:20:00 localhost dracut: *** Including module: systemd ***
Feb  3 21:20:01 localhost systemd: Created slice user-0.slice.
Feb  3 21:20:01 localhost systemd: Starting user-0.slice.
Feb  3 21:20:01 localhost systemd: Started Session 1 of user root.
Feb  3 21:20:01 localhost systemd-logind: New session 1 of user root.
Feb  3 21:20:01 localhost systemd: Starting Session 1 of user root.
Feb  3 21:20:01 localhost dracut: *** Including module: usrmount ***
Feb  3 21:20:01 localhost dracut: *** Including module: base ***
Feb  3 21:20:01 localhost dracut: *** Including module: fs-lib ***
Feb  3 21:20:01 localhost dracut: *** Including module: kdumpbase ***
Feb  3 21:20:02 localhost dracut: *** Including module: shutdown ***
Feb  3 21:20:02 localhost dracut: *** Including modules done ***
Feb  3 21:20:02 localhost dracut: *** Installing kernel module dependencies and firmware ***
Feb  3 21:20:02 localhost dracut: *** Installing kernel module dependencies and firmware done ***
Feb  3 21:20:02 localhost dracut: *** Resolving executable dependencies ***
Feb  3 21:20:03 localhost dracut: *** Resolving executable dependencies done***
Feb  3 21:20:03 localhost dracut: *** Hardlinking files ***
Feb  3 21:20:03 localhost dracut: *** Hardlinking files done ***
Feb  3 21:20:03 localhost dracut: *** Stripping files ***
Feb  3 21:20:03 localhost dracut: *** Stripping files done ***
Feb  3 21:20:03 localhost dracut: *** Generating early-microcode cpio image contents ***
Feb  3 21:20:03 localhost dracut: *** Constructing GenuineIntel.bin ****
Feb  3 21:20:03 localhost dracut: *** Store current command line parameters ***
Feb  3 21:20:03 localhost dracut: *** Creating image file ***
Feb  3 21:20:03 localhost dracut: *** Creating microcode section ***
Feb  3 21:20:03 localhost dracut: *** Created microcode section ***
Feb  3 21:20:14 localhost dracut: *** Creating image file done ***
Feb  3 21:20:19 localhost dracut: *** Creating initramfs image file '/boot/initramfs-3.10.0-514.el7.x86_64kdump.img' done ***
Feb  3 21:20:19 localhost kdumpctl: kexec: loaded kdump kernel
Feb  3 21:20:19 localhost kdumpctl: Starting kdump: [OK]
Feb  3 21:20:19 localhost systemd: Started Crash recovery kernel arming.
Feb  3 21:20:19 localhost systemd: Startup finished in 408ms (kernel) + 1.353s (initrd) + 32.783s (userspace) = 34.545s.
Feb  3 21:21:31 localhost systemd: getty@tty1.service has no holdoff time, scheduling restart.
Feb  3 21:21:31 localhost systemd: Started Getty on tty1.
Feb  3 21:21:31 localhost systemd: Starting Getty on tty1...
Feb  3 21:21:31 localhost systemd-logind: Removed session 1.
Feb  3 21:21:31 localhost systemd: Removed slice user-0.slice.
Feb  3 21:21:31 localhost systemd: Stopping user-0.slice.
Feb  3 21:21:42 localhost systemd: Created slice user-0.slice.
Feb  3 21:21:42 localhost systemd: Starting user-0.slice.
Feb  3 21:21:42 localhost systemd: Started Session 2 of user root.
Feb  3 21:21:42 localhost systemd-logind: New session 2 of user root.
Feb  3 21:21:42 localhost systemd: Starting Session 2 of user root.
Feb  3 21:27:17 localhost systemd: Stopped target Sound Card.
Feb  3 21:27:17 localhost systemd: Stopping Sound Card.
Feb  3 21:27:17 localhost systemd: Stopped target Timers.
Feb  3 21:27:17 localhost systemd: Stopping Timers.
Feb  3 21:27:17 localhost systemd: Stopped Daily Cleanup of Temporary Directories.
Feb  3 21:27:17 localhost systemd: Stopping Daily Cleanup of Temporary Directories.
Feb  3 21:27:17 localhost systemd: Stopped target Multi-User System.
Feb  3 21:27:17 localhost systemd: Stopping Multi-User System.
Feb  3 21:27:17 localhost systemd: Stopping Dynamic System Tuning Daemon...
Feb  3 21:27:17 localhost systemd: Stopping Command Scheduler...
Feb  3 21:27:17 localhost rsyslogd: [origin software="rsyslogd" swVersion="7.4.7" x-pid="766" x-info="http://www.rsyslog.com"] exiting on signal 15.
Feb  3 21:27:37 localhost rsyslogd: [origin software="rsyslogd" swVersion="7.4.7" x-pid="791" x-info="http://www.rsyslog.com"] start
Feb  3 21:27:27 localhost kernel: Initializing cgroup subsys cpuset
Feb  3 21:27:27 localhost kernel: Initializing cgroup subsys cpu
Feb  3 21:27:27 localhost kernel: Initializing cgroup subsys cpuacct
Feb  3 21:27:27 localhost kernel: Linux version 3.10.0-514.el7.x86_64 (builder@kbuilder.dev.centos.org) (gcc version 4.8.5 20150623 (Red Hat 4.8.5-11) (GCC) ) #1 SMP Tue Nov 22 16:42:41 UTC 2016
Feb  3 21:27:27 localhost kernel: Command line: BOOT_IMAGE=/boot/vmlinuz-3.10.0-514.el7.x86_64 root=UUID=293caccc-d9f3-4187-8d1b-f245b57713aa ro crashkernel=auto nomodeset rhgb quiet LANG=en_US.UTF-8
Feb  3 21:27:27 localhost kernel: e820: BIOS-provided physical RAM map:
Feb  3 21:27:27 localhost kernel: BIOS-e820: [mem 0x0000000000000000-0x000000000009fbff] usable
Feb  3 21:27:27 localhost kernel: BIOS-e820: [mem 0x000000000009fc00-0x000000000009ffff] reserved
Feb  3 21:27:27 localhost kernel: BIOS-e820: [mem 0x00000000000f0000-0x00000000000fffff] reserved
Feb  3 21:27:27 localhost kernel: BIOS-e820: [mem 0x0000000000100000-0x000000007ffeffff] usable
Feb  3 21:27:27 localhost kernel: BIOS-e820: [mem 0x000000007fff0000-0x000000007fffffff] ACPI data
Feb  3 21:27:27 localhost kernel: BIOS-e820: [mem 0x00000000fec00000-0x00000000fec00fff] reserved
Feb  3 21:27:27 localhost kernel: BIOS-e820: [mem 0x00000000fee00000-0x00000000fee00fff] reserved
Feb  3 21:27:27 localhost kernel: BIOS-e820: [mem 0x00000000fffc0000-0x00000000ffffffff] reserved
Feb  3 21:27:27 localhost kernel: NX (Execute Disable) protection: active
Feb  3 21:27:27 localhost kernel: SMBIOS 2.5 present.
Feb  3 21:27:27 localhost kernel: Hypervisor detected: KVM
Feb  3 21:27:27 localhost kernel: e820: last_pfn = 0x7fff0 max_arch_pfn = 0x400000000
Feb  3 21:27:27 localhost kernel: x86 PAT enabled: cpu 0, old 0x7040600070406, new 0x7010600070106
Feb  3 21:27:27 localhost kernel: CPU MTRRs all blank - virtualized system.
Feb  3 21:27:27 localhost kernel: found SMP MP-table at [mem 0x0009fff0-0x0009ffff] mapped at [ffff88000009fff0]
Feb  3 21:27:27 localhost kernel: RAMDISK: [mem 0x35dcb000-0x36eddfff]
Feb  3 21:27:27 localhost kernel: ACPI: RSDP 00000000000e0000 00024 (v02 VBOX  )
Feb  3 21:27:27 localhost kernel: ACPI: XSDT 000000007fff0030 0003C (v01 VBOX   VBOXXSDT 00000001 ASL  00000061)
Feb  3 21:27:27 localhost kernel: ACPI: FACP 000000007fff00f0 000F4 (v04 VBOX   VBOXFACP 00000001 ASL  00000061)
Feb  3 21:27:27 localhost kernel: ACPI: DSDT 000000007fff0470 0210F (v01 VBOX   VBOXBIOS 00000002 INTL 20100528)
Feb  3 21:27:27 localhost kernel: ACPI: FACS 000000007fff0200 00040
Feb  3 21:27:27 localhost kernel: ACPI: APIC 000000007fff0240 00054 (v02 VBOX   VBOXAPIC 00000001 ASL  00000061)
Feb  3 21:27:27 localhost kernel: ACPI: SSDT 000000007fff02a0 001CC (v01 VBOX   VBOXCPUT 00000002 INTL 20100528)
Feb  3 21:27:27 localhost kernel: No NUMA configuration found
Feb  3 21:27:27 localhost kernel: Faking a node at [mem 0x0000000000000000-0x000000007ffeffff]
Feb  3 21:27:27 localhost kernel: Initmem setup node 0 [mem 0x00000000-0x7ffeffff]
Feb  3 21:27:27 localhost kernel:  NODE_DATA [mem 0x7ffc9000-0x7ffeffff]
Feb  3 21:27:27 localhost kernel: Reserving 161MB of memory at 688MB for crashkernel (System RAM: 2047MB)
Feb  3 21:27:27 localhost kernel: kvm-clock: Using msrs 4b564d01 and 4b564d00
Feb  3 21:27:27 localhost kernel: kvm-clock: cpu 0, msr 0:7ff79001, primary cpu clock
Feb  3 21:27:27 localhost kernel: kvm-clock: using sched offset of 1519214934119 cycles
Feb  3 21:27:27 localhost kernel: Zone ranges:
Feb  3 21:27:27 localhost kernel:  DMA      [mem 0x00001000-0x00ffffff]
Feb  3 21:27:27 localhost kernel:  DMA32    [mem 0x01000000-0xffffffff]
Feb  3 21:27:27 localhost kernel:  Normal   empty
Feb  3 21:27:27 localhost kernel: Movable zone start for each node
Feb  3 21:27:27 localhost kernel: Early memory node ranges
Feb  3 21:27:27 localhost kernel:  node   0: [mem 0x00001000-0x0009efff]
Feb  3 21:27:27 localhost kernel:  node   0: [mem 0x00100000-0x7ffeffff]
Feb  3 21:27:27 localhost kernel: ACPI: PM-Timer IO Port: 0x4008
Feb  3 21:27:27 localhost kernel: ACPI: LAPIC (acpi_id[0x00] lapic_id[0x00] enabled)
Feb  3 21:27:27 localhost kernel: ACPI: IOAPIC (id[0x01] address[0xfec00000] gsi_base[0])
Feb  3 21:27:27 localhost kernel: IOAPIC[0]: apic_id 1, version 32, address 0xfec00000, GSI 0-23
Feb  3 21:27:27 localhost kernel: ACPI: INT_SRC_OVR (bus 0 bus_irq 0 global_irq 2 dfl dfl)
Feb  3 21:27:27 localhost kernel: ACPI: INT_SRC_OVR (bus 0 bus_irq 9 global_irq 9 high level)
Feb  3 21:27:27 localhost kernel: Using ACPI (MADT) for SMP configuration information
Feb  3 21:27:27 localhost kernel: smpboot: Allowing 1 CPUs, 0 hotplug CPUs
Feb  3 21:27:27 localhost kernel: PM: Registered nosave memory: [mem 0x0009f000-0x0009ffff]
Feb  3 21:27:27 localhost kernel: PM: Registered nosave memory: [mem 0x000a0000-0x000effff]
Feb  3 21:27:27 localhost kernel: PM: Registered nosave memory: [mem 0x000f0000-0x000fffff]
Feb  3 21:27:27 localhost kernel: e820: [mem 0x80000000-0xfebfffff] available for PCI devices
Feb  3 21:27:27 localhost kernel: Booting paravirtualized kernel on KVM
Feb  3 21:27:27 localhost kernel: setup_percpu: NR_CPUS:5120 nr_cpumask_bits:1 nr_cpu_ids:1 nr_node_ids:1
Feb  3 21:27:27 localhost kernel: PERCPU: Embedded 33 pages/cpu @ffff88007fc00000 s96728 r8192 d30248 u2097152
Feb  3 21:27:27 localhost kernel: Built 1 zonelists in Node order, mobility grouping on.  Total pages: 515961
Feb  3 21:27:27 localhost kernel: Policy zone: DMA32
Feb  3 21:27:27 localhost kernel: Kernel command line: BOOT_IMAGE=/boot/vmlinuz-3.10.0-514.el7.x86_64 root=UUID=293caccc-d9f3-4187-8d1b-f245b57713aa ro crashkernel=auto nomodeset rhgb quiet LANG=en_US.UTF-8
Feb  3 21:27:27 localhost kernel: PID hash table entries: 4096 (order: 3, 32768 bytes)
Feb  3 21:27:27 localhost kernel: x86/fpu: xstate_offset[2]: 0240, xstate_sizes[2]: 0100
Feb  3 21:27:27 localhost kernel: xsave: enabled xstate_bv 0x7, cntxt size 0x340 using standard form
Feb  3 21:27:27 localhost kernel: Memory: 1864612k/2097088k available (6764k kernel code, 392k absent, 232084k reserved, 4433k data, 1680k init)
Feb  3 21:27:27 localhost kernel: SLUB: HWalign=64, Order=0-3, MinObjects=0, CPUs=1, Nodes=1
Feb  3 21:27:27 localhost kernel: Hierarchical RCU implementation.
Feb  3 21:27:27 localhost kernel: #011RCU restricting CPUs from NR_CPUS=5120 to nr_cpu_ids=1.
Feb  3 21:27:27 localhost kernel: NR_IRQS:327936 nr_irqs:256 0
Feb  3 21:27:27 localhost kernel: Console: colour VGA+ 80x25
Feb  3 21:27:27 localhost kernel: console [tty0] enabled
Feb  3 21:27:27 localhost kernel: allocated 8388608 bytes of page_cgroup
Feb  3 21:27:27 localhost kernel: please try 'cgroup_disable=memory' option if you don't want memory cgroups
Feb  3 21:27:27 localhost kernel: tsc: Detected 2899.998 MHz processor
Feb  3 21:27:27 localhost kernel: Calibrating delay loop (skipped) preset value.. 5799.99 BogoMIPS (lpj=2899998)
Feb  3 21:27:27 localhost kernel: pid_max: default: 32768 minimum: 301
Feb  3 21:27:27 localhost kernel: Security Framework initialized
Feb  3 21:27:27 localhost kernel: SELinux:  Initializing.
Feb  3 21:27:27 localhost kernel: Dentry cache hash table entries: 262144 (order: 9, 2097152 bytes)
Feb  3 21:27:27 localhost kernel: Inode-cache hash table entries: 131072 (order: 8, 1048576 bytes)
Feb  3 21:27:27 localhost kernel: Mount-cache hash table entries: 4096
Feb  3 21:27:27 localhost kernel: Initializing cgroup subsys memory
Feb  3 21:27:27 localhost kernel: Initializing cgroup subsys devices
Feb  3 21:27:27 localhost kernel: Initializing cgroup subsys freezer
Feb  3 21:27:27 localhost kernel: Initializing cgroup subsys net_cls
Feb  3 21:27:27 localhost kernel: Initializing cgroup subsys blkio
Feb  3 21:27:27 localhost kernel: Initializing cgroup subsys perf_event
Feb  3 21:27:27 localhost kernel: Initializing cgroup subsys hugetlb
Feb  3 21:27:27 localhost kernel: Initializing cgroup subsys pids
Feb  3 21:27:27 localhost kernel: Initializing cgroup subsys net_prio
Feb  3 21:27:27 localhost kernel: CPU: Physical Processor ID: 0
Feb  3 21:27:27 localhost kernel: mce: CPU supports 0 MCE banks
Feb  3 21:27:27 localhost kernel: Last level iTLB entries: 4KB 0, 2MB 0, 4MB 0
Feb  3 21:27:27 localhost kernel: Last level dTLB entries: 4KB 64, 2MB 0, 4MB 0
Feb  3 21:27:27 localhost kernel: tlb_flushall_shift: 6
Feb  3 21:27:27 localhost kernel: Freeing SMP alternatives: 28k freed
Feb  3 21:27:27 localhost kernel: ACPI: Core revision 20130517
Feb  3 21:27:27 localhost kernel: ACPI: All ACPI Tables successfully acquired
Feb  3 21:27:27 localhost kernel: ftrace: allocating 25811 entries in 101 pages
Feb  3 21:27:27 localhost kernel: smpboot: Max logical packages: 1
Feb  3 21:27:27 localhost kernel: smpboot: APIC(0) Converting physical 0 to logical package 0
Feb  3 21:27:27 localhost kernel: Enabling x2apic
Feb  3 21:27:27 localhost kernel: Enabled x2apic
Feb  3 21:27:27 localhost kernel: Switched APIC routing to physical x2apic.
Feb  3 21:27:27 localhost kernel: ..TIMER: vector=0x30 apic1=0 pin1=2 apic2=-1 pin2=-1
Feb  3 21:27:27 localhost kernel: smpboot: CPU0: Intel(R) Core(TM) i5-5287U CPU @ 2.90GHz (fam: 06, model: 3d, stepping: 04)
Feb  3 21:27:27 localhost kernel: APIC calibration not consistent with PM-Timer: 101ms instead of 100ms
Feb  3 21:27:27 localhost kernel: APIC delta adjusted to PM-Timer: 6368690 (6464020)
Feb  3 21:27:27 localhost kernel: Performance Events: unsupported p6 CPU model 61 no PMU driver, software events only.
Feb  3 21:27:27 localhost kernel: KVM setup paravirtual spinlock
Feb  3 21:27:27 localhost kernel: Brought up 1 CPUs
Feb  3 21:27:27 localhost kernel: smpboot: Total of 1 processors activated (5799.99 BogoMIPS)
Feb  3 21:27:27 localhost kernel: devtmpfs: initialized
Feb  3 21:27:27 localhost kernel: EVM: security.selinux
Feb  3 21:27:27 localhost kernel: EVM: security.ima
Feb  3 21:27:27 localhost kernel: EVM: security.capability
Feb  3 21:27:27 localhost kernel: atomic64 test passed for x86-64 platform with CX8 and with SSE
Feb  3 21:27:27 localhost kernel: pinctrl core: initialized pinctrl subsystem
Feb  3 21:27:27 localhost kernel: NET: Registered protocol family 16
Feb  3 21:27:27 localhost kernel: ACPI: bus type PCI registered
Feb  3 21:27:27 localhost kernel: acpiphp: ACPI Hot Plug PCI Controller Driver version: 0.5
Feb  3 21:27:27 localhost kernel: PCI: Using configuration type 1 for base access
Feb  3 21:27:27 localhost kernel: ACPI: Added _OSI(Module Device)
Feb  3 21:27:27 localhost kernel: ACPI: Added _OSI(Processor Device)
Feb  3 21:27:27 localhost kernel: ACPI: Added _OSI(3.0 _SCP Extensions)
Feb  3 21:27:27 localhost kernel: ACPI: Added _OSI(Processor Aggregator Device)
Feb  3 21:27:27 localhost kernel: ACPI: Executed 1 blocks of module-level executable AML code
Feb  3 21:27:27 localhost kernel: ACPI: Interpreter enabled
Feb  3 21:27:27 localhost kernel: ACPI: (supports S0 S5)
Feb  3 21:27:27 localhost kernel: ACPI: Using IOAPIC for interrupt routing
Feb  3 21:27:27 localhost kernel: PCI: Using host bridge windows from ACPI; if necessary, use "pci=nocrs" and report a bug
Feb  3 21:27:27 localhost kernel: ACPI: PCI Root Bridge [PCI0] (domain 0000 [bus 00-ff])
Feb  3 21:27:27 localhost kernel: acpi PNP0A03:00: _OSC: OS supports [ASPM ClockPM Segments MSI]
Feb  3 21:27:27 localhost kernel: acpi PNP0A03:00: _OSC failed (AE_NOT_FOUND); disabling ASPM
Feb  3 21:27:27 localhost kernel: acpi PNP0A03:00: fail to add MMCONFIG information, can't access extended PCI configuration space under this bridge.
Feb  3 21:27:27 localhost kernel: PCI host bridge to bus 0000:00
Feb  3 21:27:27 localhost kernel: pci_bus 0000:00: root bus resource [bus 00-ff]
Feb  3 21:27:27 localhost kernel: pci_bus 0000:00: root bus resource [io  0x0000-0x0cf7 window]
Feb  3 21:27:27 localhost kernel: pci_bus 0000:00: root bus resource [io  0x0d00-0xffff window]
Feb  3 21:27:27 localhost kernel: pci_bus 0000:00: root bus resource [mem 0x000a0000-0x000bffff window]
Feb  3 21:27:27 localhost kernel: pci_bus 0000:00: root bus resource [mem 0x80000000-0xffdfffff window]
Feb  3 21:27:27 localhost kernel: pci 0000:00:01.1: legacy IDE quirk: reg 0x10: [io  0x01f0-0x01f7]
Feb  3 21:27:27 localhost kernel: pci 0000:00:01.1: legacy IDE quirk: reg 0x14: [io  0x03f6]
Feb  3 21:27:27 localhost kernel: pci 0000:00:01.1: legacy IDE quirk: reg 0x18: [io  0x0170-0x0177]
Feb  3 21:27:27 localhost kernel: pci 0000:00:01.1: legacy IDE quirk: reg 0x1c: [io  0x0376]
Feb  3 21:27:27 localhost kernel: pci 0000:00:07.0: quirk: [io  0x4000-0x403f] claimed by PIIX4 ACPI
Feb  3 21:27:27 localhost kernel: pci 0000:00:07.0: quirk: [io  0x4100-0x410f] claimed by PIIX4 SMB
Feb  3 21:27:27 localhost kernel: ACPI: PCI Interrupt Link [LNKA] (IRQs 5 9 10 *11)
Feb  3 21:27:27 localhost kernel: ACPI: PCI Interrupt Link [LNKB] (IRQs 5 9 10 *11)
Feb  3 21:27:27 localhost kernel: ACPI: PCI Interrupt Link [LNKC] (IRQs 5 9 *10 11)
Feb  3 21:27:27 localhost kernel: ACPI: PCI Interrupt Link [LNKD] (IRQs 5 *9 10 11)
Feb  3 21:27:27 localhost kernel: ACPI: Enabled 2 GPEs in block 00 to 07
Feb  3 21:27:27 localhost kernel: vgaarb: device added: PCI:0000:00:02.0,decodes=io+mem,owns=io+mem,locks=none
Feb  3 21:27:27 localhost kernel: vgaarb: loaded
Feb  3 21:27:27 localhost kernel: vgaarb: bridge control possible 0000:00:02.0
Feb  3 21:27:27 localhost kernel: SCSI subsystem initialized
Feb  3 21:27:27 localhost kernel: ACPI: bus type USB registered
Feb  3 21:27:27 localhost kernel: usbcore: registered new interface driver usbfs
Feb  3 21:27:27 localhost kernel: usbcore: registered new interface driver hub
Feb  3 21:27:27 localhost kernel: usbcore: registered new device driver usb
Feb  3 21:27:27 localhost kernel: PCI: Using ACPI for IRQ routing
Feb  3 21:27:27 localhost kernel: NetLabel: Initializing
Feb  3 21:27:27 localhost kernel: NetLabel:  domain hash size = 128
Feb  3 21:27:27 localhost kernel: NetLabel:  protocols = UNLABELED CIPSOv4
Feb  3 21:27:27 localhost kernel: NetLabel:  unlabeled traffic allowed by default
Feb  3 21:27:27 localhost kernel: Switched to clocksource kvm-clock
Feb  3 21:27:27 localhost kernel: pnp: PnP ACPI init
Feb  3 21:27:27 localhost kernel: ACPI: bus type PNP registered
Feb  3 21:27:27 localhost kernel: pnp: PnP ACPI: found 2 devices
Feb  3 21:27:27 localhost kernel: ACPI: bus type PNP unregistered
Feb  3 21:27:27 localhost kernel: NET: Registered protocol family 2
Feb  3 21:27:27 localhost kernel: TCP established hash table entries: 16384 (order: 5, 131072 bytes)
Feb  3 21:27:27 localhost kernel: TCP bind hash table entries: 16384 (order: 6, 262144 bytes)
Feb  3 21:27:27 localhost kernel: TCP: Hash tables configured (established 16384 bind 16384)
Feb  3 21:27:27 localhost kernel: TCP: reno registered
Feb  3 21:27:27 localhost kernel: UDP hash table entries: 1024 (order: 3, 32768 bytes)
Feb  3 21:27:27 localhost kernel: UDP-Lite hash table entries: 1024 (order: 3, 32768 bytes)
Feb  3 21:27:27 localhost kernel: NET: Registered protocol family 1
Feb  3 21:27:27 localhost kernel: pci 0000:00:00.0: Limiting direct PCI/PCI transfers
Feb  3 21:27:27 localhost kernel: pci 0000:00:01.0: Activating ISA DMA hang workarounds
Feb  3 21:27:27 localhost kernel: Unpacking initramfs...
Feb  3 21:27:27 localhost kernel: Freeing initrd memory: 17484k freed
Feb  3 21:27:27 localhost kernel: RAPL PMU: API unit is 2^-32 Joules, 4 fixed counters, 10737418240 ms ovfl timer
Feb  3 21:27:27 localhost kernel: RAPL PMU: hw unit of domain pp0-core 2^-0 Joules
Feb  3 21:27:27 localhost kernel: RAPL PMU: hw unit of domain package 2^-0 Joules
Feb  3 21:27:27 localhost kernel: RAPL PMU: hw unit of domain dram 2^-0 Joules
Feb  3 21:27:27 localhost kernel: RAPL PMU: hw unit of domain pp1-gpu 2^-0 Joules
Feb  3 21:27:27 localhost kernel: platform rtc_cmos: registered platform RTC device (no PNP device found)
Feb  3 21:27:27 localhost kernel: sha1_ssse3: Using AVX optimized SHA-1 implementation
Feb  3 21:27:27 localhost kernel: sha256_ssse3: Using AVX optimized SHA-256 implementation
Feb  3 21:27:27 localhost kernel: futex hash table entries: 256 (order: 2, 16384 bytes)
Feb  3 21:27:27 localhost kernel: Initialise system trusted keyring
Feb  3 21:27:27 localhost kernel: audit: initializing netlink socket (disabled)
Feb  3 21:27:27 localhost kernel: type=2000 audit(1486176768.217:1): initialized
Feb  3 21:27:27 localhost kernel: HugeTLB registered 2 MB page size, pre-allocated 0 pages
Feb  3 21:27:27 localhost kernel: zpool: loaded
Feb  3 21:27:27 localhost kernel: zbud: loaded
Feb  3 21:27:27 localhost kernel: VFS: Disk quotas dquot_6.5.2
Feb  3 21:27:27 localhost kernel: Dquot-cache hash table entries: 512 (order 0, 4096 bytes)
Feb  3 21:27:27 localhost kernel: msgmni has been set to 3676
Feb  3 21:27:27 localhost kernel: Key type big_key registered
Feb  3 21:27:27 localhost kernel: NET: Registered protocol family 38
Feb  3 21:27:27 localhost kernel: Key type asymmetric registered
Feb  3 21:27:27 localhost kernel: Asymmetric key parser 'x509' registered
Feb  3 21:27:27 localhost kernel: Block layer SCSI generic (bsg) driver version 0.4 loaded (major 251)
Feb  3 21:27:27 localhost kernel: io scheduler noop registered
Feb  3 21:27:27 localhost kernel: io scheduler deadline registered (default)
Feb  3 21:27:27 localhost kernel: io scheduler cfq registered
Feb  3 21:27:27 localhost kernel: pci_hotplug: PCI Hot Plug PCI Core version: 0.5
Feb  3 21:27:27 localhost kernel: pciehp: PCI Express Hot Plug Controller Driver version: 0.4
Feb  3 21:27:27 localhost kernel: ACPI: AC Adapter [AC] (off-line)
Feb  3 21:27:27 localhost kernel: input: Power Button as /devices/LNXSYSTM:00/LNXPWRBN:00/input/input0
Feb  3 21:27:27 localhost kernel: ACPI: Power Button [PWRF]
Feb  3 21:27:27 localhost kernel: input: Sleep Button as /devices/LNXSYSTM:00/LNXSLPBN:00/input/input1
Feb  3 21:27:27 localhost kernel: ACPI: Sleep Button [SLPF]
Feb  3 21:27:27 localhost kernel: GHES: HEST is not enabled!
Feb  3 21:27:27 localhost kernel: Serial: 8250/16550 driver, 4 ports, IRQ sharing enabled
Feb  3 21:27:27 localhost kernel: Non-volatile memory driver v1.3
Feb  3 21:27:27 localhost kernel: Linux agpgart interface v0.103
Feb  3 21:27:27 localhost kernel: crash memory driver: version 1.1
Feb  3 21:27:27 localhost kernel: rdac: device handler registered
Feb  3 21:27:27 localhost kernel: hp_sw: device handler registered
Feb  3 21:27:27 localhost kernel: emc: device handler registered
Feb  3 21:27:27 localhost kernel: alua: device handler registered
Feb  3 21:27:27 localhost kernel: libphy: Fixed MDIO Bus: probed
Feb  3 21:27:27 localhost kernel: ehci_hcd: USB 2.0 'Enhanced' Host Controller (EHCI) Driver
Feb  3 21:27:27 localhost kernel: ehci-pci: EHCI PCI platform driver
Feb  3 21:27:27 localhost kernel: ehci-pci 0000:00:0b.0: EHCI Host Controller
Feb  3 21:27:27 localhost kernel: ehci-pci 0000:00:0b.0: new USB bus registered, assigned bus number 1
Feb  3 21:27:27 localhost kernel: ehci-pci 0000:00:0b.0: irq 19, io mem 0xf0805000
Feb  3 21:27:27 localhost kernel: ACPI: Battery Slot [BAT0] (battery present)
Feb  3 21:27:27 localhost kernel: ehci-pci 0000:00:0b.0: USB 2.0 started, EHCI 1.00
Feb  3 21:27:27 localhost kernel: usb usb1: New USB device found, idVendor=1d6b, idProduct=0002
Feb  3 21:27:27 localhost kernel: usb usb1: New USB device strings: Mfr=3, Product=2, SerialNumber=1
Feb  3 21:27:27 localhost kernel: usb usb1: Product: EHCI Host Controller
Feb  3 21:27:27 localhost kernel: usb usb1: Manufacturer: Linux 3.10.0-514.el7.x86_64 ehci_hcd
Feb  3 21:27:27 localhost kernel: usb usb1: SerialNumber: 0000:00:0b.0
Feb  3 21:27:27 localhost kernel: hub 1-0:1.0: USB hub found
Feb  3 21:27:27 localhost kernel: hub 1-0:1.0: 12 ports detected
Feb  3 21:27:27 localhost kernel: ohci_hcd: USB 1.1 'Open' Host Controller (OHCI) Driver
Feb  3 21:27:27 localhost kernel: ohci-pci: OHCI PCI platform driver
Feb  3 21:27:27 localhost kernel: ohci-pci 0000:00:06.0: OHCI PCI host controller
Feb  3 21:27:27 localhost kernel: ohci-pci 0000:00:06.0: new USB bus registered, assigned bus number 2
Feb  3 21:27:27 localhost kernel: ohci-pci 0000:00:06.0: irq 22, io mem 0xf0804000
Feb  3 21:27:27 localhost kernel: usb usb2: New USB device found, idVendor=1d6b, idProduct=0001
Feb  3 21:27:27 localhost kernel: usb usb2: New USB device strings: Mfr=3, Product=2, SerialNumber=1
Feb  3 21:27:27 localhost kernel: usb usb2: Product: OHCI PCI host controller
Feb  3 21:27:27 localhost kernel: usb usb2: Manufacturer: Linux 3.10.0-514.el7.x86_64 ohci_hcd
Feb  3 21:27:27 localhost kernel: usb usb2: SerialNumber: 0000:00:06.0
Feb  3 21:27:27 localhost kernel: hub 2-0:1.0: USB hub found
Feb  3 21:27:27 localhost kernel: hub 2-0:1.0: 12 ports detected
Feb  3 21:27:27 localhost kernel: uhci_hcd: USB Universal Host Controller Interface driver
Feb  3 21:27:27 localhost kernel: usbcore: registered new interface driver usbserial
Feb  3 21:27:27 localhost kernel: usbcore: registered new interface driver usbserial_generic
Feb  3 21:27:27 localhost kernel: usbserial: USB Serial support registered for generic
Feb  3 21:27:27 localhost kernel: i8042: PNP: PS/2 Controller [PNP0303:PS2K,PNP0f03:PS2M] at 0x60,0x64 irq 1,12
Feb  3 21:27:27 localhost kernel: serio: i8042 KBD port at 0x60,0x64 irq 1
Feb  3 21:27:27 localhost kernel: serio: i8042 AUX port at 0x60,0x64 irq 12
Feb  3 21:27:27 localhost kernel: mousedev: PS/2 mouse device common for all mice
Feb  3 21:27:27 localhost kernel: input: AT Translated Set 2 keyboard as /devices/platform/i8042/serio0/input/input2
Feb  3 21:27:27 localhost kernel: rtc_cmos rtc_cmos: rtc core: registered rtc_cmos as rtc0
Feb  3 21:27:27 localhost kernel: rtc_cmos rtc_cmos: alarms up to one day, 114 bytes nvram
Feb  3 21:27:27 localhost kernel: cpuidle: using governor menu
Feb  3 21:27:27 localhost kernel: hidraw: raw HID events driver (C) Jiri Kosina
Feb  3 21:27:27 localhost kernel: usbcore: registered new interface driver usbhid
Feb  3 21:27:27 localhost kernel: usbhid: USB HID core driver
Feb  3 21:27:27 localhost kernel: drop_monitor: Initializing network drop monitor service
Feb  3 21:27:27 localhost kernel: TCP: cubic registered
Feb  3 21:27:27 localhost kernel: Initializing XFRM netlink socket
Feb  3 21:27:27 localhost kernel: NET: Registered protocol family 10
Feb  3 21:27:27 localhost kernel: NET: Registered protocol family 17
Feb  3 21:27:27 localhost kernel: microcode: CPU0 sig=0x306d4, pf=0x40, revision=0x0
Feb  3 21:27:27 localhost kernel: microcode: Microcode Update Driver: v2.01 <tigran@aivazian.fsnet.co.uk>, Peter Oruba
Feb  3 21:27:27 localhost kernel: Loading compiled-in X.509 certificates
Feb  3 21:27:27 localhost kernel: Loaded X.509 cert 'CentOS Linux kpatch signing key: ea0413152cde1d98ebdca3fe6f0230904c9ef717'
Feb  3 21:27:27 localhost kernel: Loaded X.509 cert 'CentOS Linux Driver update signing key: 7f421ee0ab69461574bb358861dbe77762a4201b'
Feb  3 21:27:27 localhost kernel: Loaded X.509 cert 'CentOS Linux kernel signing key: d48863a7c16fcc274123e6298f74f057af19fc54'
Feb  3 21:27:27 localhost kernel: registered taskstats version 1
Feb  3 21:27:27 localhost kernel: Key type trusted registered
Feb  3 21:27:27 localhost kernel: Key type encrypted registered
Feb  3 21:27:27 localhost kernel: IMA: No TPM chip found, activating TPM-bypass!
Feb  3 21:27:27 localhost kernel: rtc_cmos rtc_cmos: setting system clock to 2017-02-04 02:27:27 UTC (1486175247)
Feb  3 21:27:27 localhost kernel: Freeing unused kernel memory: 1680k freed
Feb  3 21:27:27 localhost systemd[1]: systemd 219 running in system mode. (+PAM +AUDIT +SELINUX +IMA -APPARMOR +SMACK +SYSVINIT +UTMP +LIBCRYPTSETUP +GCRYPT +GNUTLS +ACL +XZ -LZ4 -SECCOMP +BLKID +ELFUTILS +KMOD +IDN)
Feb  3 21:27:27 localhost systemd[1]: Detected virtualization kvm.
Feb  3 21:27:27 localhost systemd[1]: Detected architecture x86-64.
Feb  3 21:27:27 localhost systemd[1]: Running in initial RAM disk.
Feb  3 21:27:27 localhost systemd[1]: Set hostname to <localhost.localdomain>.
Feb  3 21:27:27 localhost systemd[1]: Created slice Root Slice.
Feb  3 21:27:27 localhost systemd[1]: Starting Root Slice.
Feb  3 21:27:27 localhost systemd[1]: Listening on Journal Socket.
Feb  3 21:27:27 localhost systemd[1]: Starting Journal Socket.
Feb  3 21:27:27 localhost systemd[1]: Created slice System Slice.
Feb  3 21:27:27 localhost systemd[1]: Starting System Slice.
Feb  3 21:27:27 localhost systemd[1]: Starting dracut cmdline hook...
Feb  3 21:27:27 localhost systemd[1]: Starting Setup Virtual Console...
Feb  3 21:27:27 localhost systemd[1]: Starting Journal Service...
Feb  3 21:27:27 localhost systemd[1]: Reached target Timers.
Feb  3 21:27:27 localhost systemd[1]: Starting Timers.
Feb  3 21:27:27 localhost systemd[1]: Listening on udev Kernel Socket.
Feb  3 21:27:27 localhost systemd[1]: Starting udev Kernel Socket.
Feb  3 21:27:27 localhost systemd[1]: Starting Apply Kernel Variables...
Feb  3 21:27:27 localhost systemd[1]: Reached target Slices.
Feb  3 21:27:27 localhost systemd[1]: Starting Slices.
Feb  3 21:27:27 localhost systemd[1]: Reached target Local File Systems.
Feb  3 21:27:27 localhost systemd[1]: Starting Local File Systems.
Feb  3 21:27:27 localhost systemd[1]: Starting Create list of required static device nodes for the current kernel...
Feb  3 21:27:27 localhost systemd[1]: Reached target Swap.
Feb  3 21:27:27 localhost systemd[1]: Starting Swap.
Feb  3 21:27:27 localhost systemd[1]: Listening on udev Control Socket.
Feb  3 21:27:27 localhost systemd[1]: Starting udev Control Socket.
Feb  3 21:27:27 localhost systemd[1]: Reached target Sockets.
Feb  3 21:27:27 localhost systemd[1]: Starting Sockets.
Feb  3 21:27:27 localhost systemd[1]: Started Create list of required static device nodes for the current kernel.
Feb  3 21:27:27 localhost systemd[1]: Starting Create Static Device Nodes in /dev...
Feb  3 21:27:27 localhost systemd[1]: Started Apply Kernel Variables.
Feb  3 21:27:27 localhost systemd[1]: Started Create Static Device Nodes in /dev.
Feb  3 21:27:27 localhost journal: Journal started
Feb  3 21:27:27 localhost systemd[1]: Started Journal Service.
Feb  3 21:27:27 localhost systemd: Started Setup Virtual Console.
Feb  3 21:27:27 localhost kernel: psmouse serio1: alps: Unknown ALPS touchpad: E7=10 00 64, EC=10 00 64
Feb  3 21:27:27 localhost kernel: input: ImExPS/2 Generic Explorer Mouse as /devices/platform/i8042/serio1/input/input3
Feb  3 21:27:27 localhost systemd: Started dracut cmdline hook.
Feb  3 21:27:27 localhost systemd: Starting dracut pre-udev hook...
Feb  3 21:27:27 localhost systemd: Started dracut pre-udev hook.
Feb  3 21:27:27 localhost systemd: Starting udev Kernel Device Manager...
Feb  3 21:27:27 localhost systemd-udevd: starting version 219
Feb  3 21:27:27 localhost systemd: Started udev Kernel Device Manager.
Feb  3 21:27:27 localhost systemd: Starting udev Coldplug all Devices...
Feb  3 21:27:27 localhost systemd: Mounting Configuration File System...
Feb  3 21:27:27 localhost systemd: Mounted Configuration File System.
Feb  3 21:27:27 localhost kernel: FUJITSU Extended Socket Network Device Driver - version 1.1 - Copyright (c) 2015 FUJITSU LIMITED
Feb  3 21:27:27 localhost systemd: Started udev Coldplug all Devices.
Feb  3 21:27:27 localhost systemd: Starting dracut initqueue hook...
Feb  3 21:27:27 localhost systemd: Reached target System Initialization.
Feb  3 21:27:27 localhost systemd: Starting System Initialization.
Feb  3 21:27:27 localhost systemd: Starting Show Plymouth Boot Screen...
Feb  3 21:27:27 localhost kernel: e1000: Intel(R) PRO/1000 Network Driver - version 7.3.21-k8-NAPI
Feb  3 21:27:27 localhost kernel: e1000: Copyright (c) 1999-2006 Intel Corporation.
Feb  3 21:27:27 localhost systemd: Started Show Plymouth Boot Screen.
Feb  3 21:27:27 localhost systemd: Reached target Paths.
Feb  3 21:27:27 localhost systemd: Starting Paths.
Feb  3 21:27:27 localhost systemd: Started Forward Password Requests to Plymouth Directory Watch.
Feb  3 21:27:27 localhost systemd: Starting Forward Password Requests to Plymouth Directory Watch.
Feb  3 21:27:27 localhost systemd: Reached target Basic System.
Feb  3 21:27:27 localhost systemd: Starting Basic System.
Feb  3 21:27:27 localhost kernel: usb 2-1: new full-speed USB device number 2 using ohci-pci
Feb  3 21:27:28 localhost kernel: usb 2-1: New USB device found, idVendor=80ee, idProduct=0021
Feb  3 21:27:28 localhost kernel: usb 2-1: New USB device strings: Mfr=1, Product=3, SerialNumber=0
Feb  3 21:27:28 localhost kernel: usb 2-1: Product: USB Tablet
Feb  3 21:27:28 localhost kernel: usb 2-1: Manufacturer: VirtualBox
Feb  3 21:27:28 localhost kernel: input: VirtualBox USB Tablet as /devices/pci0000:00/0000:00:06.0/usb2/2-1/2-1:1.0/input/input4
Feb  3 21:27:28 localhost kernel: hid-generic 0003:80EE:0021.0001: input,hidraw0: USB HID v1.10 Mouse [VirtualBox USB Tablet] on usb-0000:00:06.0-1/input0
Feb  3 21:27:28 localhost kernel: e1000 0000:00:03.0 eth0: (PCI:33MHz:32-bit) 08:00:27:95:bf:48
Feb  3 21:27:28 localhost kernel: e1000 0000:00:03.0 eth0: Intel(R) PRO/1000 Network Connection
Feb  3 21:27:28 localhost kernel: scsi host0: ata_piix
Feb  3 21:27:28 localhost kernel: scsi host1: ata_piix
Feb  3 21:27:28 localhost kernel: ata1: PATA max UDMA/33 cmd 0x1f0 ctl 0x3f6 bmdma 0xd000 irq 14
Feb  3 21:27:28 localhost kernel: ata2: PATA max UDMA/33 cmd 0x170 ctl 0x376 bmdma 0xd008 irq 15
Feb  3 21:27:28 localhost kernel: tsc: Refined TSC clocksource calibration: 2898.613 MHz
Feb  3 21:27:28 localhost kernel: ata2.00: ATAPI: VBOX CD-ROM, 1.0, max UDMA/133
Feb  3 21:27:28 localhost kernel: ata1.00: ATA-6: VBOX HARDDISK, 1.0, max UDMA/133
Feb  3 21:27:28 localhost kernel: ata1.00: 16777216 sectors, multi 128: LBA 
Feb  3 21:27:28 localhost kernel: ata2.00: configured for UDMA/33
Feb  3 21:27:28 localhost kernel: ata1.00: configured for UDMA/33
Feb  3 21:27:28 localhost kernel: scsi 0:0:0:0: Direct-Access     ATA      VBOX HARDDISK    1.0  PQ: 0 ANSI: 5
Feb  3 21:27:28 localhost kernel: scsi 1:0:0:0: CD-ROM            VBOX     CD-ROM           1.0  PQ: 0 ANSI: 5
Feb  3 21:27:28 localhost kernel: sd 0:0:0:0: [sda] 16777216 512-byte logical blocks: (8.58 GB/8.00 GiB)
Feb  3 21:27:28 localhost kernel: sd 0:0:0:0: [sda] Write Protect is off
Feb  3 21:27:28 localhost kernel: sd 0:0:0:0: [sda] Write cache: enabled, read cache: enabled, doesn't support DPO or FUA
Feb  3 21:27:28 localhost kernel: sda: sda1
Feb  3 21:27:28 localhost kernel: sd 0:0:0:0: [sda] Attached SCSI disk
Feb  3 21:27:28 localhost kernel: sr 1:0:0:0: [sr0] scsi3-mmc drive: 32x/32x xa/form2 tray
Feb  3 21:27:28 localhost kernel: cdrom: Uniform CD-ROM driver Revision: 3.20
Feb  3 21:27:28 localhost systemd: Found device VBOX_HARDDISK 1.
Feb  3 21:27:28 localhost systemd: Starting File System Check on /dev/disk/by-uuid/293caccc-d9f3-4187-8d1b-f245b57713aa...
Feb  3 21:27:28 localhost systemd-fsck: /sbin/fsck.xfs: XFS file system.
Feb  3 21:27:28 localhost systemd: Started File System Check on /dev/disk/by-uuid/293caccc-d9f3-4187-8d1b-f245b57713aa.
Feb  3 21:27:28 localhost systemd: Started dracut initqueue hook.
Feb  3 21:27:28 localhost systemd: Reached target Remote File Systems (Pre).
Feb  3 21:27:28 localhost systemd: Starting Remote File Systems (Pre).
Feb  3 21:27:28 localhost systemd: Reached target Remote File Systems.
Feb  3 21:27:28 localhost systemd: Starting Remote File Systems.
Feb  3 21:27:28 localhost systemd: Mounting /sysroot...
Feb  3 21:27:28 localhost kernel: SGI XFS with ACLs, security attributes, no debug enabled
Feb  3 21:27:28 localhost kernel: XFS (sda1): Mounting V5 Filesystem
Feb  3 21:27:28 localhost systemd: Mounted /sysroot.
Feb  3 21:27:28 localhost kernel: XFS (sda1): Ending clean mount
Feb  3 21:27:28 localhost systemd: Reached target Initrd Root File System.
Feb  3 21:27:28 localhost systemd: Starting Initrd Root File System.
Feb  3 21:27:28 localhost systemd: Starting Reload Configuration from the Real Root...
Feb  3 21:27:28 localhost systemd: Reloading.
Feb  3 21:27:28 localhost systemd: Started Reload Configuration from the Real Root.
Feb  3 21:27:28 localhost systemd: Reached target Initrd File Systems.
Feb  3 21:27:28 localhost systemd: Starting Initrd File Systems.
Feb  3 21:27:28 localhost systemd: Reached target Initrd Default Target.
Feb  3 21:27:28 localhost systemd: Starting Initrd Default Target.
Feb  3 21:27:28 localhost systemd: Starting dracut pre-pivot and cleanup hook...
Feb  3 21:27:28 localhost systemd: Started dracut pre-pivot and cleanup hook.
Feb  3 21:27:28 localhost systemd: Starting Cleaning Up and Shutting Down Daemons...
Feb  3 21:27:28 localhost systemd: Stopped target Timers.
Feb  3 21:27:28 localhost systemd: Stopping Timers.
Feb  3 21:27:28 localhost systemd: Starting Plymouth switch root service...
Feb  3 21:27:28 localhost systemd: Stopped Cleaning Up and Shutting Down Daemons.
Feb  3 21:27:28 localhost systemd: Stopped dracut pre-pivot and cleanup hook.
Feb  3 21:27:28 localhost systemd: Stopping dracut pre-pivot and cleanup hook...
Feb  3 21:27:28 localhost systemd: Stopped target Remote File Systems.
Feb  3 21:27:28 localhost systemd: Stopping Remote File Systems.
Feb  3 21:27:28 localhost systemd: Stopped target Remote File Systems (Pre).
Feb  3 21:27:28 localhost systemd: Stopping Remote File Systems (Pre).
Feb  3 21:27:28 localhost systemd: Stopped dracut initqueue hook.
Feb  3 21:27:28 localhost systemd: Stopping dracut initqueue hook...
Feb  3 21:27:28 localhost systemd: Stopped target Initrd Default Target.
Feb  3 21:27:28 localhost systemd: Stopping Initrd Default Target.
Feb  3 21:27:28 localhost systemd: Stopped target Basic System.
Feb  3 21:27:28 localhost systemd: Stopping Basic System.
Feb  3 21:27:28 localhost systemd: Stopped target Slices.
Feb  3 21:27:28 localhost systemd: Stopping Slices.
Feb  3 21:27:28 localhost systemd: Stopped target System Initialization.
Feb  3 21:27:28 localhost systemd: Stopping System Initialization.
Feb  3 21:27:28 localhost systemd: Stopped Apply Kernel Variables.
Feb  3 21:27:28 localhost systemd: Stopping Apply Kernel Variables...
Feb  3 21:27:28 localhost systemd: Stopped udev Coldplug all Devices.
Feb  3 21:27:28 localhost systemd: Stopping udev Coldplug all Devices...
Feb  3 21:27:28 localhost systemd: Stopped target Local File Systems.
Feb  3 21:27:28 localhost systemd: Stopping Local File Systems.
Feb  3 21:27:28 localhost systemd: Stopped target Swap.
Feb  3 21:27:28 localhost systemd: Stopping Swap.
Feb  3 21:27:28 localhost systemd: Stopping udev Kernel Device Manager...
Feb  3 21:27:28 localhost systemd: Stopped target Paths.
Feb  3 21:27:28 localhost systemd: Stopping Paths.
Feb  3 21:27:28 localhost systemd: Stopped target Sockets.
Feb  3 21:27:28 localhost systemd: Stopping Sockets.
Feb  3 21:27:28 localhost systemd: Stopped udev Kernel Device Manager.
Feb  3 21:27:28 localhost systemd: Stopped Create Static Device Nodes in /dev.
Feb  3 21:27:28 localhost systemd: Stopping Create Static Device Nodes in /dev...
Feb  3 21:27:28 localhost systemd: Stopped Create list of required static device nodes for the current kernel.
Feb  3 21:27:28 localhost systemd: Stopping Create list of required static device nodes for the current kernel...
Feb  3 21:27:28 localhost systemd: Stopped dracut pre-udev hook.
Feb  3 21:27:28 localhost systemd: Stopping dracut pre-udev hook...
Feb  3 21:27:28 localhost systemd: Stopped dracut cmdline hook.
Feb  3 21:27:28 localhost systemd: Stopping dracut cmdline hook...
Feb  3 21:27:28 localhost systemd: Closed udev Control Socket.
Feb  3 21:27:28 localhost systemd: Stopping udev Control Socket.
Feb  3 21:27:28 localhost systemd: Closed udev Kernel Socket.
Feb  3 21:27:28 localhost systemd: Stopping udev Kernel Socket.
Feb  3 21:27:28 localhost systemd: Starting Cleanup udevd DB...
Feb  3 21:27:28 localhost systemd: Started Cleanup udevd DB.
Feb  3 21:27:28 localhost systemd: Reached target Switch Root.
Feb  3 21:27:28 localhost systemd: Starting Switch Root.
Feb  3 21:27:28 localhost systemd: Started Plymouth switch root service.
